2026-04-20 15:25:30.061 19088-22698 Camera-JNI              com.dawn.libfilter                   V  dataCallback(16, 0x702c6cf7e0)
2026-04-20 15:25:30.061 19088-22698 Camera-JNI              com.dawn.libfilter                   V  copyAndPost: off=12441600, size=4147200
2026-04-20 15:25:30.061 19088-22698 Camera-JNI              com.dawn.libfilter                   V  Allocating callback buffer
2026-04-20 15:25:30.063 19088-19088 Camera-JNI              com.dawn.libfilter                   V  setHasPreviewCallback: installed:1, manualBuffer:0
2026-04-20 15:25:30.063 19088-19088 Camera-JNI              com.dawn.libfilter                   V  start getCamera
2026-04-20 15:25:30.063 19088-19088 Camera-JNI              com.dawn.libfilter                   V  get_native_camera: context=0x70b5574ec0, camera=0x702954b500
2026-04-20 15:25:30.064 19088-19088 Camera-JNI              com.dawn.libfilter                   V  Clearing callback buffers, 0 remained
2026-04-20 15:25:30.064 19088-19088 Camera-JNI              com.dawn.libfilter                   V  getParameters
2026-04-20 15:25:30.064 19088-19088 Camera-JNI              com.dawn.libfilter                   V  start getCamera
2026-04-20 15:25:30.064 19088-19088 Camera-JNI              com.dawn.libfilter                   V  get_native_camera: context=0x70b5574ec0, camera=0x702954b500
2026-04-20 15:25:30.095 19088-22671 Camera-JNI              com.dawn.libfilter                   V  dataCallback(16, 0x702c6cf380)
2026-04-20 15:25:30.096 19088-22671 Camera-JNI              com.dawn.libfilter                   V  copyAndPost: off=16588800, size=4147200
2026-04-20 15:25:30.096 19088-22671 Camera-JNI              com.dawn.libfilter                   V  Allocating callback buffer
2026-04-20 15:25:30.098 19088-19088 Camera-JNI              com.dawn.libfilter                   V  setHasPreviewCallback: installed:1, manualBuffer:0
2026-04-20 15:25:30.098 19088-19088 Camera-JNI              com.dawn.libfilter                   V  start getCamera
2026-04-20 15:25:30.098 19088-19088 Camera-JNI              com.dawn.libfilter                   V  get_native_camera: context=0x70b5574ec0, camera=0x702954b500
2026-04-20 15:25:30.098 19088-19088 Camera-JNI              com.dawn.libfilter                   V  Clearing callback buffers, 0 remained
2026-04-20 15:25:30.098 19088-19088 Camera-JNI              com.dawn.libfilter                   V  getParameters
2026-04-20 15:25:30.098 19088-19088 Camera-JNI              com.dawn.libfilter                   V  start getCamera
2026-04-20 15:25:30.098 19088-19088 Camera-JNI              com.dawn.libfilter                   V  get_native_camera: context=0x70b5574ec0, camera=0x702954b500
2026-04-20 15:25:30.124 19088-22671 Camera-JNI              com.dawn.libfilter                   V  dataCallback(16, 0x702c6cf380)
2026-04-20 15:25:30.124 19088-22671 Camera-JNI              com.dawn.libfilter                   V  copyAndPost: off=20736000, size=4147200
2026-04-20 15:25:30.124 19088-22671 Camera-JNI              com.dawn.libfilter                   V  Allocating callback buffer
2026-04-20 15:25:30.126 19088-19088 Camera-JNI              com.dawn.libfilter                   V  setHasPreviewCallback: installed:1, manualBuffer:0
2026-04-20 15:25:30.126 19088-19088 Camera-JNI              com.dawn.libfilter                   V  start getCamera
2026-04-20 15:25:30.126 19088-19088 Camera-JNI              com.dawn.libfilter                   V  get_native_camera: context=0x70b5574ec0, camera=0x702954b500
2026-04-20 15:25:30.126 19088-19088 Camera-JNI              com.dawn.libfilter                   V  Clearing callback buffers, 0 remained
2026-04-20 15:25:30.126 19088-19088 Camera-JNI              com.dawn.libfilter                   V  getParameters
2026-04-20 15:25:30.126 19088-19088 Camera-JNI              com.dawn.libfilter                   V  start getCamera
2026-04-20 15:25:30.126 19088-19088 Camera-JNI              com.dawn.libfilter                   V  get_native_camera: context=0x70b5574ec0, camera=0x702954b500
2026-04-20 15:25:30.157 19088-22671 Camera-JNI              com.dawn.libfilter                   V  dataCallback(16, 0x702c6cf380)
2026-04-20 15:25:30.157 19088-22671 Camera-JNI              com.dawn.libfilter                   V  copyAndPost: off=0, size=4147200
2026-04-20 15:25:30.157 19088-22671 Camera-JNI              com.dawn.libfilter                   V  Allocating callback buffer
2026-04-20 15:25:30.160 19088-19088 Camera-JNI              com.dawn.libfilter                   V  setHasPreviewCallback: installed:1, manualBuffer:0
2026-04-20 15:25:30.160 19088-19088 Camera-JNI              com.dawn.libfilter                   V  start getCamera
2026-04-20 15:25:30.160 19088-19088 Camera-JNI              com.dawn.libfilter                   V  get_native_camera: context=0x70b5574ec0, camera=0x702954b500
2026-04-20 15:25:30.160 19088-19088 Camera-JNI              com.dawn.libfilter                   V  Clearing callback buffers, 0 remained
2026-04-20 15:25:30.160 19088-19088 Camera-JNI              com.dawn.libfilter                   V  getParameters
2026-04-20 15:25:30.160 19088-19088 Camera-JNI              com.dawn.libfilter                   V  start getCamera
2026-04-20 15:25:30.160 19088-19088 Camera-JNI              com.dawn.libfilter                   V  get_native_camera: context=0x70b5574ec0, camera=0x702954b500
2026-04-20 15:25:30.195 19088-22671 Camera-JNI              com.dawn.libfilter                   V  dataCallback(16, 0x702c6cf380)
2026-04-20 15:25:30.195 19088-22671 Camera-JNI              com.dawn.libfilter                   V  copyAndPost: off=4147200, size=4147200
2026-04-20 15:25:30.195 19088-22671 Camera-JNI              com.dawn.libfilter                   V  Allocating callback buffer
2026-04-20 15:25:30.197 19088-19088 Camera-JNI              com.dawn.libfilter                   V  setHasPreviewCallback: installed:1, manualBuffer:0
2026-04-20 15:25:30.197 19088-19088 Camera-JNI              com.dawn.libfilter                   V  start getCamera
2026-04-20 15:25:30.197 19088-19088 Camera-JNI              com.dawn.libfilter                   V  get_native_camera: context=0x70b5574ec0, camera=0x702954b500
2026-04-20 15:25:30.198 19088-19088 Camera-JNI              com.dawn.libfilter                   V  Clearing callback buffers, 0 remained
2026-04-20 15:25:30.198 19088-19088 Camera-JNI              com.dawn.libfilter                   V  getParameters
2026-04-20 15:25:30.198 19088-19088 Camera-JNI              com.dawn.libfilter                   V  start getCamera
2026-04-20 15:25:30.198 19088-19088 Camera-JNI              com.dawn.libfilter                   V  get_native_camera: context=0x70b5574ec0, camera=0x702954b500
2026-04-20 15:25:30.230 19088-22671 Camera-JNI              com.dawn.libfilter                   V  dataCallback(16, 0x702c6cf380)
2026-04-20 15:25:30.230 19088-22671 Camera-JNI              com.dawn.libfilter                   V  copyAndPost: off=8294400, size=4147200
2026-04-20 15:25:30.230 19088-22671 Camera-JNI              com.dawn.libfilter                   V  Allocating callback buffer
2026-04-20 15:25:30.232 19088-19088 Camera-JNI              com.dawn.libfilter                   V  setHasPreviewCallback: installed:1, manualBuffer:0
2026-04-20 15:25:30.232 19088-19088 Camera-JNI              com.dawn.libfilter                   V  start getCamera
2026-04-20 15:25:30.232 19088-19088 Camera-JNI              com.dawn.libfilter                   V  get_native_camera: context=0x70b5574ec0, camera=0x702954b500
2026-04-20 15:25:30.232 19088-19088 Camera-JNI              com.dawn.libfilter                   V  Clearing callback buffers, 0 remained
2026-04-20 15:25:30.233 19088-19088 Camera-JNI              com.dawn.libfilter                   V  getParameters
2026-04-20 15:25:30.233 19088-19088 Camera-JNI              com.dawn.libfilter                   V  start getCamera
2026-04-20 15:25:30.233 19088-19088 Camera-JNI              com.dawn.libfilter                   V  get_native_camera: context=0x70b5574ec0, camera=0x702954b500
2026-04-20 15:25:30.262 19088-22671 Camera-JNI              com.dawn.libfilter                   V  dataCallback(16, 0x702c6cf380)
2026-04-20 15:25:30.262 19088-22671 Camera-JNI              com.dawn.libfilter                   V  copyAndPost: off=12441600, size=4147200
2026-04-20 15:25:30.262 19088-22671 Camera-JNI              com.dawn.libfilter                   V  Allocating callback buffer
2026-04-20 15:25:30.264 19088-19088 Camera-JNI              com.dawn.libfilter                   V  setHasPreviewCallback: installed:1, manualBuffer:0
2026-04-20 15:25:30.264 19088-19088 Camera-JNI              com.dawn.libfilter                   V  start getCamera
2026-04-20 15:25:30.264 19088-19088 Camera-JNI              com.dawn.libfilter                   V  get_native_camera: context=0x70b5574ec0, camera=0x702954b500
2026-04-20 15:25:30.264 19088-19088 Camera-JNI              com.dawn.libfilter                   V  Clearing callback buffers, 0 remained
2026-04-20 15:25:30.264 19088-19088 Camera-JNI              com.dawn.libfilter                   V  getParameters
2026-04-20 15:25:30.264 19088-19088 Camera-JNI              com.dawn.libfilter                   V  start getCamera
2026-04-20 15:25:30.264 19088-19088 Camera-JNI              com.dawn.libfilter                   V  get_native_camera: context=0x70b5574ec0, camera=0x702954b500
2026-04-20 15:25:30.298 19088-22671 Camera-JNI              com.dawn.libfilter                   V  dataCallback(16, 0x702c6cf380)
2026-04-20 15:25:30.299 19088-22671 Camera-JNI              com.dawn.libfilter                   V  copyAndPost: off=16588800, size=4147200
2026-04-20 15:25:30.299 19088-22671 Camera-JNI              com.dawn.libfilter                   V  Allocating callback buffer
2026-04-20 15:25:30.303 19088-19088 Camera-JNI              com.dawn.libfilter                   V  setHasPreviewCallback: installed:1, manualBuffer:0
2026-04-20 15:25:30.303 19088-19088 Camera-JNI              com.dawn.libfilter                   V  start getCamera
2026-04-20 15:25:30.303 19088-19088 Camera-JNI              com.dawn.libfilter                   V  get_native_camera: context=0x70b5574ec0, camera=0x702954b500
2026-04-20 15:25:30.303 19088-19088 Camera-JNI              com.dawn.libfilter                   V  Clearing callback buffers, 0 remained
2026-04-20 15:25:30.303 19088-19088 Camera-JNI              com.dawn.libfilter                   V  getParameters
2026-04-20 15:25:30.303 19088-19088 Camera-JNI              com.dawn.libfilter                   V  start getCamera
2026-04-20 15:25:30.303 19088-19088 Camera-JNI              com.dawn.libfilter                   V  get_native_camera: context=0x70b5574ec0, camera=0x702954b500
2026-04-20 15:25:30.330 19088-22671 Camera-JNI              com.dawn.libfilter                   V  dataCallback(16, 0x702c6cf380)
2026-04-20 15:25:30.330 19088-22671 Camera-JNI              com.dawn.libfilter                   V  copyAndPost: off=20736000, size=4147200
2026-04-20 15:25:30.330 19088-22671 Camera-JNI              com.dawn.libfilter                   V  Allocating callback buffer
2026-04-20 15:25:30.333 19088-19088 Camera-JNI              com.dawn.libfilter                   V  setHasPreviewCallback: installed:1, manualBuffer:0
2026-04-20 15:25:30.333 19088-19088 Camera-JNI              com.dawn.libfilter                   V  start getCamera
2026-04-20 15:25:30.333 19088-19088 Camera-JNI              com.dawn.libfilter                   V  get_native_camera: context=0x70b5574ec0, camera=0x702954b500
2026-04-20 15:25:30.333 19088-19088 Camera-JNI              com.dawn.libfilter                   V  Clearing callback buffers, 0 remained
2026-04-20 15:25:30.333 19088-19088 Camera-JNI              com.dawn.libfilter                   V  getParameters
2026-04-20 15:25:30.333 19088-19088 Camera-JNI              com.dawn.libfilter                   V  start getCamera
2026-04-20 15:25:30.333 19088-19088 Camera-JNI              com.dawn.libfilter                   V  get_native_camera: context=0x70b5574ec0, camera=0x702954b500
2026-04-20 15:25:30.362 19088-22671 Camera-JNI              com.dawn.libfilter                   V  dataCallback(16, 0x702c6cf380)
2026-04-20 15:25:30.363 19088-22671 Camera-JNI              com.dawn.libfilter                   V  copyAndPost: off=0, size=4147200
2026-04-20 15:25:30.363 19088-22671 Camera-JNI              com.dawn.libfilter                   V  Allocating callback buffer
2026-04-20 15:25:30.365 19088-19088 Camera-JNI              com.dawn.libfilter                   V  setHasPreviewCallback: installed:1, manualBuffer:0
2026-04-20 15:25:30.365 19088-19088 Camera-JNI              com.dawn.libfilter                   V  start getCamera
2026-04-20 15:25:30.365 19088-19088 Camera-JNI              com.dawn.libfilter                   V  get_native_camera: context=0x70b5574ec0, camera=0x702954b500
2026-04-20 15:25:30.365 19088-19088 Camera-JNI              com.dawn.libfilter                   V  Clearing callback buffers, 0 remained
2026-04-20 15:25:30.365 19088-19088 Camera-JNI              com.dawn.libfilter                   V  getParameters
2026-04-20 15:25:30.365 19088-19088 Camera-JNI              com.dawn.libfilter                   V  start getCamera
2026-04-20 15:25:30.365 19088-19088 Camera-JNI              com.dawn.libfilter                   V  get_native_camera: context=0x70b5574ec0, camera=0x702954b500
2026-04-20 15:25:30.397 19088-22671 Camera-JNI              com.dawn.libfilter                   V  dataCallback(16, 0x702c6cf380)
2026-04-20 15:25:30.398 19088-22671 Camera-JNI              com.dawn.libfilter                   V  copyAndPost: off=4147200, size=4147200
2026-04-20 15:25:30.398 19088-22671 Camera-JNI              com.dawn.libfilter                   V  Allocating callback buffer
2026-04-20 15:25:30.401 19088-19088 Camera-JNI              com.dawn.libfilter                   V  setHasPreviewCallback: installed:1, manualBuffer:0
2026-04-20 15:25:30.401 19088-19088 Camera-JNI              com.dawn.libfilter                   V  start getCamera
2026-04-20 15:25:30.401 19088-19088 Camera-JNI              com.dawn.libfilter                   V  get_native_camera: context=0x70b5574ec0, camera=0x702954b500
2026-04-20 15:25:30.401 19088-19088 Camera-JNI              com.dawn.libfilter                   V  Clearing callback buffers, 0 remained
2026-04-20 15:25:30.401 19088-19088 Camera-JNI              com.dawn.libfilter                   V  getParameters
2026-04-20 15:25:30.401 19088-19088 Camera-JNI              com.dawn.libfilter                   V  start getCamera
2026-04-20 15:25:30.401 19088-19088 Camera-JNI              com.dawn.libfilter                   V  get_native_camera: context=0x70b5574ec0, camera=0x702954b500
2026-04-20 15:25:30.431 19088-22671 Camera-JNI              com.dawn.libfilter                   V  dataCallback(16, 0x702c6cf380)
2026-04-20 15:25:30.431 19088-22671 Camera-JNI              com.dawn.libfilter                   V  copyAndPost: off=8294400, size=4147200
2026-04-20 15:25:30.431 19088-22671 Camera-JNI              com.dawn.libfilter                   V  Allocating callback buffer
2026-04-20 15:25:30.433 19088-19088 Camera-JNI              com.dawn.libfilter                   V  setHasPreviewCallback: installed:1, manualBuffer:0
2026-04-20 15:25:30.433 19088-19088 Camera-JNI              com.dawn.libfilter                   V  start getCamera
2026-04-20 15:25:30.433 19088-19088 Camera-JNI              com.dawn.libfilter                   V  get_native_camera: context=0x70b5574ec0, camera=0x702954b500
2026-04-20 15:25:30.433 19088-19088 Camera-JNI              com.dawn.libfilter                   V  Clearing callback buffers, 0 remained
2026-04-20 15:25:30.433 19088-19088 Camera-JNI              com.dawn.libfilter                   V  getParameters
2026-04-20 15:25:30.433 19088-19088 Camera-JNI              com.dawn.libfilter                   V  start getCamera
2026-04-20 15:25:30.433 19088-19088 Camera-JNI              com.dawn.libfilter                   V  get_native_camera: context=0x70b5574ec0, camera=0x702954b500
2026-04-20 15:25:30.464 19088-22671 Camera-JNI              com.dawn.libfilter                   V  dataCallback(16, 0x702c6cf380)
2026-04-20 15:25:30.464 19088-22671 Camera-JNI              com.dawn.libfilter                   V  copyAndPost: off=12441600, size=4147200
2026-04-20 15:25:30.464 19088-22671 Camera-JNI              com.dawn.libfilter                   V  Allocating callback buffer
2026-04-20 15:25:30.467 19088-19088 Camera-JNI              com.dawn.libfilter                   V  setHasPreviewCallback: installed:1, manualBuffer:0
2026-04-20 15:25:30.467 19088-19088 Camera-JNI              com.dawn.libfilter                   V  start getCamera
2026-04-20 15:25:30.467 19088-19088 Camera-JNI              com.dawn.libfilter                   V  get_native_camera: context=0x70b5574ec0, camera=0x702954b500
2026-04-20 15:25:30.467 19088-19088 Camera-JNI              com.dawn.libfilter                   V  Clearing callback buffers, 0 remained
2026-04-20 15:25:30.467 19088-19088 Camera-JNI              com.dawn.libfilter                   V  getParameters
2026-04-20 15:25:30.467 19088-19088 Camera-JNI              com.dawn.libfilter                   V  start getCamera
2026-04-20 15:25:30.467 19088-19088 Camera-JNI              com.dawn.libfilter                   V  get_native_camera: context=0x70b5574ec0, camera=0x702954b500
2026-04-20 15:25:30.499 19088-22671 Camera-JNI              com.dawn.libfilter                   V  dataCallback(16, 0x702c6cf380)
2026-04-20 15:25:30.499 19088-22671 Camera-JNI              com.dawn.libfilter                   V  copyAndPost: off=16588800, size=4147200
2026-04-20 15:25:30.499 19088-22671 Camera-JNI              com.dawn.libfilter                   V  Allocating callback buffer
2026-04-20 15:25:30.503 19088-19088 Camera-JNI              com.dawn.libfilter                   V  setHasPreviewCallback: installed:1, manualBuffer:0
2026-04-20 15:25:30.503 19088-19088 Camera-JNI              com.dawn.libfilter                   V  start getCamera
2026-04-20 15:25:30.503 19088-19088 Camera-JNI              com.dawn.libfilter                   V  get_native_camera: context=0x70b5574ec0, camera=0x702954b500
2026-04-20 15:25:30.503 19088-19088 Camera-JNI              com.dawn.libfilter                   V  Clearing callback buffers, 0 remained
2026-04-20 15:25:30.503 19088-19088 Camera-JNI              com.dawn.libfilter                   V  getParameters
2026-04-20 15:25:30.503 19088-19088 Camera-JNI              com.dawn.libfilter                   V  start getCamera
2026-04-20 15:25:30.503 19088-19088 Camera-JNI              com.dawn.libfilter                   V  get_native_camera: context=0x70b5574ec0, camera=0x702954b500
2026-04-20 15:25:30.522 19088-19088 HwViewRootImpl          com.dawn.libfilter                   I  Add sceneId 11 topId: 10
2026-04-20 15:25:30.522 19088-19088 HwViewRootImpl          com.dawn.libfilter                   I  Add sceneId 5 topId: 11
2026-04-20 15:25:30.522 19088-19088 Settings                com.dawn.libfilter                   W  Setting device_provisioned has moved from android.provider.Settings.Secure to android.provider.Settings.Global.
2026-04-20 15:25:30.522 19088-19088 HiTouch_HiTouchSensor   com.dawn.libfilter                   V  User setup is finished.
2026-04-20 15:25:30.524 19088-19088 HwDragEnhancementImpl   com.dawn.libfilter                   D  handleTimerDrag: false
2026-04-20 15:25:30.525 19088-19088 InputTransport          com.dawn.libfilter                   E  now=1008229963696153, frameTime=1008229963141501, sampleTime=1008229958141501, firstPointTime=1008229959094000, batchSize=1
2026-04-20 15:25:30.525 19088-19088 InputTransport          com.dawn.libfilter                   W  channel 13b5fdf com.dawn.libfilter/com.dawn.libfilter.CameraFilterActivity (client) detect abnormal consume, count is 0
2026-04-20 15:25:30.534 19088-19088 HwDragEnhancementImpl   com.dawn.libfilter                   D  Start long press for hw drag enhancement.
2026-04-20 15:25:30.535 19088-22671 Camera-JNI              com.dawn.libfilter                   V  dataCallback(16, 0x702c6cf380)
2026-04-20 15:25:30.535 19088-22671 Camera-JNI              com.dawn.libfilter                   V  copyAndPost: off=20736000, size=4147200
2026-04-20 15:25:30.535 19088-22671 Camera-JNI              com.dawn.libfilter                   V  Allocating callback buffer
2026-04-20 15:25:30.539 19088-19088 Camera-JNI              com.dawn.libfilter                   V  setHasPreviewCallback: installed:1, manualBuffer:0
2026-04-20 15:25:30.539 19088-19088 Camera-JNI              com.dawn.libfilter                   V  start getCamera
2026-04-20 15:25:30.539 19088-19088 Camera-JNI              com.dawn.libfilter                   V  get_native_camera: context=0x70b5574ec0, camera=0x702954b500
2026-04-20 15:25:30.539 19088-19088 Camera-JNI              com.dawn.libfilter                   V  Clearing callback buffers, 0 remained
2026-04-20 15:25:30.539 19088-19088 Camera-JNI              com.dawn.libfilter                   V  getParameters
2026-04-20 15:25:30.539 19088-19088 Camera-JNI              com.dawn.libfilter                   V  start getCamera
2026-04-20 15:25:30.539 19088-19088 Camera-JNI              com.dawn.libfilter                   V  get_native_camera: context=0x70b5574ec0, camera=0x702954b500
2026-04-20 15:25:30.569 19088-22767 Camera-JNI              com.dawn.libfilter                   V  dataCallback(16, 0x702c6cfd30)
2026-04-20 15:25:30.569 19088-22767 Camera-JNI              com.dawn.libfilter                   V  copyAndPost: off=0, size=4147200
2026-04-20 15:25:30.569 19088-22767 Camera-JNI              com.dawn.libfilter                   V  Allocating callback buffer
2026-04-20 15:25:30.572 19088-19088 Camera-JNI              com.dawn.libfilter                   V  setHasPreviewCallback: installed:1, manualBuffer:0
2026-04-20 15:25:30.572 19088-19088 Camera-JNI              com.dawn.libfilter                   V  start getCamera
2026-04-20 15:25:30.572 19088-19088 Camera-JNI              com.dawn.libfilter                   V  get_native_camera: context=0x70b5574ec0, camera=0x702954b500
2026-04-20 15:25:30.572 19088-19088 Camera-JNI              com.dawn.libfilter                   V  Clearing callback buffers, 0 remained
2026-04-20 15:25:30.572 19088-19088 Camera-JNI              com.dawn.libfilter                   V  getParameters
2026-04-20 15:25:30.572 19088-19088 Camera-JNI              com.dawn.libfilter                   V  start getCamera
2026-04-20 15:25:30.572 19088-19088 Camera-JNI              com.dawn.libfilter                   V  get_native_camera: context=0x70b5574ec0, camera=0x702954b500
2026-04-20 15:25:30.596 19088-22767 Camera-JNI              com.dawn.libfilter                   V  dataCallback(16, 0x702c6cfd30)
2026-04-20 15:25:30.596 19088-22767 Camera-JNI              com.dawn.libfilter                   V  copyAndPost: off=4147200, size=4147200
2026-04-20 15:25:30.596 19088-22767 Camera-JNI              com.dawn.libfilter                   V  Allocating callback buffer
2026-04-20 15:25:30.598 19088-19088 Camera-JNI              com.dawn.libfilter                   V  setHasPreviewCallback: installed:1, manualBuffer:0
2026-04-20 15:25:30.599 19088-19088 Camera-JNI              com.dawn.libfilter                   V  start getCamera
2026-04-20 15:25:30.599 19088-19088 Camera-JNI              com.dawn.libfilter                   V  get_native_camera: context=0x70b5574ec0, camera=0x702954b500
2026-04-20 15:25:30.599 19088-19088 Camera-JNI              com.dawn.libfilter                   V  Clearing callback buffers, 0 remained
2026-04-20 15:25:30.599 19088-19088 Camera-JNI              com.dawn.libfilter                   V  getParameters
2026-04-20 15:25:30.599 19088-19088 Camera-JNI              com.dawn.libfilter                   V  start getCamera
2026-04-20 15:25:30.599 19088-19088 Camera-JNI              com.dawn.libfilter                   V  get_native_camera: context=0x70b5574ec0, camera=0x702954b500
2026-04-20 15:25:30.603 19088-19088 HwViewRootImpl          com.dawn.libfilter                   D  [DetectViewsLocationRunner] current resolutionScale: 1.0
2026-04-20 15:25:30.604 19088-19088 HwViewRootImpl          com.dawn.libfilter                   I  remove sceneId 11 topId: 10
2026-04-20 15:25:30.604 19088-19088 HwViewRootImpl          com.dawn.libfilter                   I  remove sceneId 5 topId: 10
2026-04-20 15:25:30.604 19088-19088 WebViewDragEnhancement  com.dawn.libfilter                   D  dragReset.
2026-04-20 15:25:30.604 19088-19088 WebViewDragEnhancement  com.dawn.libfilter                   D  dragReset cacheSize = 0
2026-04-20 15:25:30.605 19088-19088 AudioManager            com.dawn.libfilter                   V  querySoundEffectsEnabled...
2026-04-20 15:25:30.605 19088-19088 AudioManager            com.dawn.libfilter                   I  querySoundEffectsEnabled fail id: 0
2026-04-20 15:25:30.605 19088-19088 Camera-JNI              com.dawn.libfilter                   V  stopPreview
2026-04-20 15:25:30.605 19088-19088 Camera-JNI              com.dawn.libfilter                   V  start getCamera
2026-04-20 15:25:30.605 19088-19088 Camera-JNI              com.dawn.libfilter                   V  get_native_camera: context=0x70b5574ec0, camera=0x702954b500
2026-04-20 15:25:30.727 19088-19088 Camera-JNI              com.dawn.libfilter                   V  setHasPreviewCallback: installed:0, manualBuffer:0
2026-04-20 15:25:30.727 19088-19088 Camera-JNI              com.dawn.libfilter                   V  start getCamera
2026-04-20 15:25:30.727 19088-19088 Camera-JNI              com.dawn.libfilter                   V  get_native_camera: context=0x70b5574ec0, camera=0x702954b500
2026-04-20 15:25:30.727 19088-19088 Camera-JNI              com.dawn.libfilter                   V  Clearing callback buffers, 0 remained
2026-04-20 15:25:30.727 19088-19088 Camera                  com.dawn.libfilter                   I  close camera: 0, package name: com.dawn.libfilter
2026-04-20 15:25:30.731 19088-19088 Camera-JNI              com.dawn.libfilter                   V  release camera
2026-04-20 15:25:30.731 19088-19088 Camera-JNI              com.dawn.libfilter                   V  release
2026-04-20 15:25:30.731 19088-19088 Camera-JNI              com.dawn.libfilter                   V  Clearing callback buffers, 0 remained
2026-04-20 15:25:30.731 19088-19088 Camera-JNI              com.dawn.libfilter                   V  Clearing callback buffers, 0 remained
2026-04-20 15:25:30.731 19088-19088 Camera-JNI              com.dawn.libfilter                   V  native_release: context=0x70b5574ec0 camera=0x702954b500
2026-04-20 15:25:30.968 19088-19088 Camera                  com.dawn.libfilter                   I  thermal level is 0
2026-04-20 15:25:30.968 19088-19088 Camera                  com.dawn.libfilter                   I  open camera: 1, package name: com.dawn.libfilter
2026-04-20 15:25:30.987 19088-22667 Camera-JNI              com.dawn.libfilter                   V  release
2026-04-20 15:25:30.987 19088-22667 Camera-JNI              com.dawn.libfilter                   V  Clearing callback buffers, 0 remained
2026-04-20 15:25:30.987 19088-22667 Camera-JNI              com.dawn.libfilter                   V  Clearing callback buffers, 0 remained
2026-04-20 15:25:30.989 19088-19088 Camera-JNI              com.dawn.libfilter                   V  getParameters
2026-04-20 15:25:30.989 19088-19088 Camera-JNI              com.dawn.libfilter                   V  start getCamera
2026-04-20 15:25:30.989 19088-19088 Camera-JNI              com.dawn.libfilter                   V  get_native_camera: context=0x70b56aa700, camera=0x70294e2880
2026-04-20 15:25:30.990 19088-19088 Camera-JNI              com.dawn.libfilter                   V  setParameters
2026-04-20 15:25:30.990 19088-19088 Camera-JNI              com.dawn.libfilter                   V  start getCamera
2026-04-20 15:25:30.990 19088-19088 Camera-JNI              com.dawn.libfilter                   V  get_native_camera: context=0x70b56aa700, camera=0x70294e2880
2026-04-20 15:25:30.991 19088-19088 Camera-JNI              com.dawn.libfilter                   V  setParameters finished
2026-04-20 15:25:30.992 19088-19088 Choreographer           com.dawn.libfilter                   I  Skipped 46 frames! The application may be doing too much work on its main thread.
2026-04-20 15:25:30.995 19088-22736 BufferQueueCore         com.dawn.libfilter                   D  BufferQueueCore: mDebugHwFlow=0, mIsBufferQueueLogVSupport=0.
2026-04-20 15:25:30.995 19088-22736 Camera-JNI              com.dawn.libfilter                   V  setPreviewTexture
2026-04-20 15:25:30.995 19088-22736 Camera-JNI              com.dawn.libfilter                   V  start getCamera
2026-04-20 15:25:30.995 19088-22736 Camera-JNI              com.dawn.libfilter                   V  get_native_camera: context=0x70b56aa700, camera=0x70294e2880
2026-04-20 15:25:30.996 19088-22736 Camera-JNI              com.dawn.libfilter                   V  setHasPreviewCallback: installed:1, manualBuffer:0
2026-04-20 15:25:30.996 19088-22736 Camera-JNI              com.dawn.libfilter                   V  start getCamera
2026-04-20 15:25:30.996 19088-22736 Camera-JNI              com.dawn.libfilter                   V  get_native_camera: context=0x70b56aa700, camera=0x70294e2880
2026-04-20 15:25:30.996 19088-22736 Camera-JNI              com.dawn.libfilter                   V  Clearing callback buffers, 0 remained
2026-04-20 15:25:30.996 19088-22736 Camera-JNI              com.dawn.libfilter                   V  startPreview
2026-04-20 15:25:30.996 19088-22736 Camera-JNI              com.dawn.libfilter                   V  start getCamera
2026-04-20 15:25:30.996 19088-22736 Camera-JNI              com.dawn.libfilter                   V  get_native_camera: context=0x70b56aa700, camera=0x70294e2880
2026-04-20 15:25:31.003 19088-22736 .dawn.libfilte          com.dawn.libfilter                   I  xdraw: Third-Thread GLThread 53081(22736) uid 10470 (961x1281) detected success
2026-04-20 15:25:31.061 19088-22658 .dawn.libfilte          com.dawn.libfilter                   I  Compiler allocated 5042KB to compile void android.view.ViewRootImpl.performTraversals()
2026-04-20 15:25:31.067 19088-22701 RmeSchedManager         com.dawn.libfilter                   I  SetMarginData, input:3, animation:4, traversal:4, util:600, frameRate:120
2026-04-20 15:25:31.324 19088-22671 Camera-JNI              com.dawn.libfilter                   V  dataCallback(16, 0x702c6cb190)
2026-04-20 15:25:31.325 19088-22671 Camera-JNI              com.dawn.libfilter                   V  copyAndPost: off=0, size=8921088
2026-04-20 15:25:31.325 19088-22671 Camera-JNI              com.dawn.libfilter                   V  Allocating callback buffer
2026-04-20 15:25:31.334 19088-19088 Camera                  com.dawn.libfilter                   I  PACKAGENAME: com.dawn.libfilter API_VERSION:API1 CAMERA_SCENE:0STARTMEMavailMem5894128kB_totalMem15976196kB_lowMemoryfalse_threshold221184kBENDMEMavailMem5199984kB_totalMem15976196kB_lowMemoryfalse_threshold221184kB
2026-04-20 15:25:31.334 19088-19088 Camera-JNI              com.dawn.libfilter                   V  setHasPreviewCallback: installed:1, manualBuffer:0
2026-04-20 15:25:31.334 19088-19088 Camera-JNI              com.dawn.libfilter                   V  start getCamera
2026-04-20 15:25:31.334 19088-19088 Camera-JNI              com.dawn.libfilter                   V  get_native_camera: context=0x70b56aa700, camera=0x70294e2880
2026-04-20 15:25:31.334 19088-19088 Camera-JNI              com.dawn.libfilter                   V  Clearing callback buffers, 0 remained
2026-04-20 15:25:31.334 19088-19088 Camera-JNI              com.dawn.libfilter                   V  getParameters
2026-04-20 15:25:31.334 19088-19088 Camera-JNI              com.dawn.libfilter                   V  start getCamera
2026-04-20 15:25:31.334 19088-19088 Camera-JNI              com.dawn.libfilter                   V  get_native_camera: context=0x70b56aa700, camera=0x70294e2880
2026-04-20 15:25:31.341 19088-22671 Camera-JNI              com.dawn.libfilter                   V  dataCallback(16, 0x70a169b330)
2026-04-20 15:25:31.341 19088-22671 Camera-JNI              com.dawn.libfilter                   V  copyAndPost: off=8921088, size=8921088
2026-04-20 15:25:31.341 19088-22671 Camera-JNI              com.dawn.libfilter                   V  Allocating callback buffer
2026-04-20 15:25:31.345 19088-19088 Camera-JNI              com.dawn.libfilter                   V  setHasPreviewCallback: installed:1, manualBuffer:0
2026-04-20 15:25:31.345 19088-19088 Camera-JNI              com.dawn.libfilter                   V  start getCamera
2026-04-20 15:25:31.345 19088-19088 Camera-JNI              com.dawn.libfilter                   V  get_native_camera: context=0x70b56aa700, camera=0x70294e2880
2026-04-20 15:25:31.345 19088-19088 Camera-JNI              com.dawn.libfilter                   V  Clearing callback buffers, 0 remained
2026-04-20 15:25:31.345 19088-19088 Camera-JNI              com.dawn.libfilter                   V  getParameters
2026-04-20 15:25:31.345 19088-19088 Camera-JNI              com.dawn.libfilter                   V  start getCamera
2026-04-20 15:25:31.345 19088-19088 Camera-JNI              com.dawn.libfilter                   V  get_native_camera: context=0x70b56aa700, camera=0x70294e2880
2026-04-20 15:25:31.364 19088-22661 Camera-JNI              com.dawn.libfilter                   V  release camera
2026-04-20 15:25:31.377 19088-22667 Camera-JNI              com.dawn.libfilter                   V  dataCallback(16, 0x702c6cf330)
2026-04-20 15:25:31.377 19088-22667 Camera-JNI              com.dawn.libfilter                   V  copyAndPost: off=17842176, size=8921088
2026-04-20 15:25:31.377 19088-22667 Camera-JNI              com.dawn.libfilter                   V  Allocating callback buffer
2026-04-20 15:25:31.396 19088-19088 Camera-JNI              com.dawn.libfilter                   V  setHasPreviewCallback: installed:1, manualBuffer:0
2026-04-20 15:25:31.396 19088-19088 Camera-JNI              com.dawn.libfilter                   V  start getCamera
2026-04-20 15:25:31.396 19088-19088 Camera-JNI              com.dawn.libfilter                   V  get_native_camera: context=0x70b56aa700, camera=0x70294e2880
2026-04-20 15:25:31.397 19088-19088 Camera-JNI              com.dawn.libfilter                   V  Clearing callback buffers, 0 remained
2026-04-20 15:25:31.397 19088-19088 Camera-JNI              com.dawn.libfilter                   V  getParameters
2026-04-20 15:25:31.397 19088-19088 Camera-JNI              com.dawn.libfilter                   V  start getCamera
2026-04-20 15:25:31.397 19088-19088 Camera-JNI              com.dawn.libfilter                   V  get_native_camera: context=0x70b56aa700, camera=0x70294e2880
2026-04-20 15:25:31.405 19088-22706 HwViewRootImpl          com.dawn.libfilter                   D  [DetectViewsLocationRunner] start to get views' rect, type = SCENE_GESTURE_SINGLE_TAP
2026-04-20 15:25:31.405 19088-22706 HwViewRootImpl          com.dawn.libfilter                   D  [DetectViewsLocationRunner] windowModeType: 1
2026-04-20 15:25:31.405 19088-22706 HwViewRootImpl          com.dawn.libfilter                   D  [DetectViewsLocationRunner] displayPoint: Point(1260, 2720)
2026-04-20 15:25:31.405 19088-22706 HwViewRootImpl          com.dawn.libfilter                   D  [DetectViewsLocationRunner] windowModeType: 1
2026-04-20 15:25:31.405 19088-22706 HwViewRootImpl          com.dawn.libfilter                   D  [DetectViewsLocationRunner] lazyMode:
2026-04-20 15:25:31.405 19088-22706 HwViewRootImpl          com.dawn.libfilter                   D  [DetectViewsLocationRunner] current mode is full screen
2026-04-20 15:25:31.408 19088-19088 HwViewRootImpl          com.dawn.libfilter                   D  [DetectViewsLocationRunner] start to getViewHierarchy
2026-04-20 15:25:31.409 19088-22706 HwViewRootImpl          com.dawn.libfilter                   D  [DetectViewsLocationRunner] deviceOrientation: 0
2026-04-20 15:25:31.409 19088-22706 HwViewRootImpl          com.dawn.libfilter                   D  [DetectViewsLocationRunner-ScreenDirection] ROTATION_0
2026-04-20 15:25:31.409 19088-22706 HwViewRootImpl          com.dawn.libfilter                   D  [DetectViewsLocationRunner] get views' rect = 5, SCENE_GESTURE_SINGLE_TAP#39,2356,273,2512#299,2356,533,2512#559,2356,793,2512#819,2356,1053,2512#1079,2356,1260,2512
2026-04-20 15:25:31.442 19088-22667 Camera-JNI              com.dawn.libfilter                   V  dataCallback(16, 0x702c6cf330)
2026-04-20 15:25:31.442 19088-22667 Camera-JNI              com.dawn.libfilter                   V  copyAndPost: off=26763264, size=8921088
2026-04-20 15:25:31.442 19088-22667 Camera-JNI              com.dawn.libfilter                   V  Allocating callback buffer
2026-04-20 15:25:31.446 19088-19088 Camera-JNI              com.dawn.libfilter                   V  setHasPreviewCallback: installed:1, manualBuffer:0
2026-04-20 15:25:31.446 19088-19088 Camera-JNI              com.dawn.libfilter                   V  start getCamera
2026-04-20 15:25:31.446 19088-19088 Camera-JNI              com.dawn.libfilter                   V  get_native_camera: context=0x70b56aa700, camera=0x70294e2880
2026-04-20 15:25:31.446 19088-19088 Camera-JNI              com.dawn.libfilter                   V  Clearing callback buffers, 0 remained
2026-04-20 15:25:31.446 19088-19088 Camera-JNI              com.dawn.libfilter                   V  getParameters
2026-04-20 15:25:31.446 19088-19088 Camera-JNI              com.dawn.libfilter                   V  start getCamera
2026-04-20 15:25:31.446 19088-19088 Camera-JNI              com.dawn.libfilter                   V  get_native_camera: context=0x70b56aa700, camera=0x70294e2880
2026-04-20 15:25:31.475 19088-22667 Camera-JNI              com.dawn.libfilter                   V  dataCallback(16, 0x702c6cf330)
2026-04-20 15:25:31.476 19088-22667 Camera-JNI              com.dawn.libfilter                   V  copyAndPost: off=35684352, size=8921088
2026-04-20 15:25:31.476 19088-22667 Camera-JNI              com.dawn.libfilter                   V  Allocating callback buffer
2026-04-20 15:25:31.476 19088-22736 libc                    com.dawn.libfilter                   A  Fatal signal 11 (SIGSEGV), code 1 (SEGV_MAPERR), fault addr 0xffd5d4dd in tid 22736 (GLThread 53081), pid 19088 (.dawn.libfilter)
2026-04-20 15:25:31.491 19088-19088 Camera-JNI              com.dawn.libfilter                   V  setHasPreviewCallback: installed:1, manualBuffer:0
2026-04-20 15:25:31.491 19088-19088 Camera-JNI              com.dawn.libfilter                   V  start getCamera
2026-04-20 15:25:31.491 19088-19088 Camera-JNI              com.dawn.libfilter                   V  get_native_camera: context=0x70b56aa700, camera=0x70294e2880
2026-04-20 15:25:31.491 19088-19088 Camera-JNI              com.dawn.libfilter                   V  Clearing callback buffers, 0 remained
2026-04-20 15:25:31.491 19088-19088 Camera-JNI              com.dawn.libfilter                   V  getParameters
2026-04-20 15:25:31.491 19088-19088 Camera-JNI              com.dawn.libfilter                   V  start getCamera
2026-04-20 15:25:31.491 19088-19088 Camera-JNI              com.dawn.libfilter                   V  get_native_camera: context=0x70b56aa700, camera=0x70294e2880
2026-04-20 15:25:31.499 19088-22667 Camera-JNI              com.dawn.libfilter                   V  dataCallback(16, 0x702c6cf330)
2026-04-20 15:25:31.499 19088-22667 Camera-JNI              com.dawn.libfilter                   V  copyAndPost: off=44605440, size=8921088
2026-04-20 15:25:31.499 19088-22667 Camera-JNI              com.dawn.libfilter                   V  Allocating callback buffer
---------------------------- PROCESS STARTED (22802) for package com.dawn.libfilter ----------------------------
2026-04-20 15:25:31.716 22800-22800 DEBUG                   crash_dump64                         A  Cmdline: com.dawn.libfilter
2026-04-20 15:25:31.716 22800-22800 DEBUG                   crash_dump64                         A  pid: 19088, tid: 22736, name: GLThread 53081  >>> com.dawn.libfilter <<<
2026-04-20 15:25:31.716 22800-22800 DEBUG                   crash_dump64                         A        #03 pc 000000000037c264  [anon:dalvik-classes.dex extracted in memory from /data/app/~~niz6utWg2bHqDzrPWPoy6A==/com.dawn.libfilter-YCkExQRwwU_14Vf2V85dmQ==/base.apk] (jp.co.cyberagent.android.gpuimage.GPUImageRenderer$1.run+32)
2026-04-20 15:25:31.716 22800-22800 DEBUG                   crash_dump64                         A        #05 pc 000000000037cc92  [anon:dalvik-classes.dex extracted in memory from /data/app/~~niz6utWg2bHqDzrPWPoy6A==/com.dawn.libfilter-YCkExQRwwU_14Vf2V85dmQ==/base.apk] (jp.co.cyberagent.android.gpuimage.GPUImageRenderer.runAll+26)
2026-04-20 15:25:31.716 22800-22800 DEBUG                   crash_dump64                         A        #07 pc 000000000037cb12  [anon:dalvik-classes.dex extracted in memory from /data/app/~~niz6utWg2bHqDzrPWPoy6A==/com.dawn.libfilter-YCkExQRwwU_14Vf2V85dmQ==/base.apk] (jp.co.cyberagent.android.gpuimage.GPUImageRenderer.onDrawFrame+14)
2026-04-20 15:25:31.731 19088-22698 LifecycleTransaction    com.dawn.libfilter                   I  activityCallbacks TopResumedActivityChangeItem{onTop=false}
2026-04-20 15:25:31.733 19088-22698 LifecycleTransaction    com.dawn.libfilter                   I  lifecycleStateRequest PauseActivityItem{finished=true,userLeaving=false,configChanges=0,dontReport=false}
---------------------------- PROCESS ENDED (19088) for package com.dawn.libfilter ----------------------------
2026-04-20 15:25:31.833  5210-5411  DollieAdapterService    com.huawei.systemserver              E  notifyActivityState pkg:com.dawn.libfilter/com.dawn.libfilter.CameraFilterActivity state:19 fg:false mUid:10470
---------------------------- PROCESS STARTED (19089) for package com.dawn.libfilter ----------------------------
2026-04-20 15:25:31.943 19089-22836 ActivityThread          com.dawn.libfilter                   I  Init compatible state: true
2026-04-20 15:25:31.944 19089-19089 Typeface                com.dawn.libfilter                   I  fontManager.getInitFontWeightScale:1.0
2026-04-20 15:25:31.944 19089-22836 HwFramewor...rtsFactory com.dawn.libfilter                   D  HwFrameworkSecurityPartsFactory in.
2026-04-20 15:25:31.944 19089-22836 HwFramewor...rtsFactory com.dawn.libfilter                   I  add HwFrameworkSecurityPartsFactory to memory.
2026-04-20 15:25:31.945 19089-22836 BehaviorCollectManager  com.dawn.libfilter                   D  hook process for AI virus second
2026-04-20 15:25:31.946 19089-22836 BehaviorCollectManager  com.dawn.libfilter                   I  bindAnalyzerService: huawei.android.security.IAppBehaviorDataAnalyzer$Stub$Proxy@355d49e pid:19089
2026-04-20 15:25:31.962 19089-19089 LoadedApk               com.dawn.libfilter                   I  createSharedLibrariesLoaders::sharedLibraries is null
2026-04-20 15:25:31.965 19089-19089 .dawn.libfilte          com.dawn.libfilter                   W  OpenDexFilesFromOat: open oat file failed and fallback to load dex file from apk, package_name = com.dawn.libfilter version_code = 2 context = 0x709d220850 class_loader = dalvik.system.PathClassLoader/0x0();java.lang.BootClassLoader/0x70b5548140 class_loader_status = 0 dex_location = /data/data/com.dawn.libfilter/code_cache/.overlay/base.apk/classes2.dex dex_location_writable = 1 oat_file_exists = 0 is_compressed_dex = 0 is_jank_perceptible = 0 is_process_on_top = 1 is_main_thread = 1 fallback_time = 273958
2026-04-20 15:25:31.965 19089-19089 .dawn.libfilte          com.dawn.libfilter                   W  OpenDexFilesFromOat: open oat file failed and fallback to load dex file from apk, package_name = com.dawn.libfilter version_code = 2 context = 0x709d220850 class_loader = dalvik.system.PathClassLoader/0x0();java.lang.BootClassLoader/0x70b5548140 class_loader_status = 0 dex_location = /data/data/com.dawn.libfilter/code_cache/.overlay/base.apk/classes4.dex dex_location_writable = 1 oat_file_exists = 0 is_compressed_dex = 0 is_jank_perceptible = 0 is_process_on_top = 1 is_main_thread = 1 fallback_time = 134896
2026-04-20 15:25:32.035 19089-19089 .dawn.libfilte          com.dawn.libfilter                   I  HwMultiThreadDexLoader location /data/app/~~niz6utWg2bHqDzrPWPoy6A==/com.dawn.libfilter-YCkExQRwwU_14Vf2V85dmQ==/base.apk start threadNum=3
2026-04-20 15:25:32.042 19089-19089 .dawn.libfilte          com.dawn.libfilter                   W  OpenDexFilesFromOat: open oat file failed and fallback to load dex file from apk, package_name = com.dawn.libfilter version_code = 2 context = 0x709d220850 class_loader = dalvik.system.PathClassLoader/0x0();java.lang.BootClassLoader/0x70b5548140 class_loader_status = 0 dex_location = /data/app/~~niz6utWg2bHqDzrPWPoy6A==/com.dawn.libfilter-YCkExQRwwU_14Vf2V85dmQ==/base.apk dex_location_writable = 0 oat_file_exists = 0 is_compressed_dex = 1 is_jank_perceptible = 0 is_process_on_top = 1 is_main_thread = 1 fallback_time = 76338021
2026-04-20 15:25:32.050 19089-19089 GraphicsEnvironment     com.dawn.libfilter                   V  ANGLE Developer option for 'com.dawn.libfilter' set to: 'default'
2026-04-20 15:25:32.050 19089-19089 GraphicsEnvironment     com.dawn.libfilter                   V  Neither updatable production driver nor prerelease driver is supported.
2026-04-20 15:25:32.050 19089-22836 HwApiCacheMangerEx      com.dawn.libfilter                   I  apicache path=/storage/emulated/0 state=mounted key=com.dawn.libfilter#10470#256
2026-04-20 15:25:32.051 19089-22836 HwApiCacheMangerEx      com.dawn.libfilter                   I  need clear apicache,because volumes changed,oldCnt=0 newCnt=1
2026-04-20 15:25:32.052 19089-22836 HwApiCacheMangerEx      com.dawn.libfilter                   I  apicache path=/storage/emulated/0 state=mounted key=com.dawn.libfilter#10470#0
2026-04-20 15:25:32.052 19089-22836 HwApiCacheMangerEx      com.dawn.libfilter                   I  need clear apicache,because volumes changed,oldCnt=1 newCnt=1
2026-04-20 15:25:32.053 19089-19089 NetworkSecurityConfig   com.dawn.libfilter                   D  No Network Security Config specified, using platform default
2026-04-20 15:25:32.053 19089-19089 NetworkSecurityConfig   com.dawn.libfilter                   D  No Network Security Config specified, using platform default
2026-04-20 15:25:32.053 19089-19089 HwViewStackScaleFactory com.dawn.libfilter                   I  add android.view.HwViewStackScaleFactory@3469caa to memory.
2026-04-20 15:25:32.056 19089-22836 AwareBitmapCacher       com.dawn.libfilter                   I  init processName:com.dawn.libfilter pid=19089 uid=10470
2026-04-20 15:25:32.058 19089-22850 AwareLog                com.dawn.libfilter                   E  AtomicFileUtils: readFileLines file not exist: android.util.AtomicFile@dc9d976
2026-04-20 15:25:32.070 19089-19089 HwTypeface              com.dawn.libfilter                   I  updateFont: scale=1.0
2026-04-20 15:25:32.071 19089-19089 HwTypeface              com.dawn.libfilter                   I  size is 0, use default font family
2026-04-20 15:25:32.071 19089-19089 ActivityThread          com.dawn.libfilter                   I  finishPreloaded preloadStatus 0
2026-04-20 15:25:32.071 19089-19089 HwViewRootImpl          com.dawn.libfilter                   I  Add sceneId 1 topId: 0
2026-04-20 15:25:32.072 19089-19089 ActivityThread          com.dawn.libfilter                   I  handleBindApplication cost: 132
2026-04-20 15:25:32.072 19089-19089 LaunchActivityItem      com.dawn.libfilter                   I  execute start, token = android.os.BinderProxy@f5ac920
2026-04-20 15:25:32.075 19089-19089 OpenGLRenderer          com.dawn.libfilter                   D  disableOutlineDraw is true
2026-04-20 15:25:32.078 19089-22854 OpenGLRenderer          com.dawn.libfilter                   I  RenderThread: progress name = [com.dawn.libfilter], viewCornerType = 0, g2param1 = 2.000000, g2param2 = 1.100000
2026-04-20 15:25:32.079 19089-22856 iGraphics               com.dawn.libfilter                   I  [0020080c] pn: com.dawn.libfilter, p: 19089
2026-04-20 15:25:32.079 19089-22856 iGraphics               com.dawn.libfilter                   I  [0030080c] no spt app: com.dawn.libfilter
2026-04-20 15:25:32.101 19089-19089 AppCompatDelegate       com.dawn.libfilter                   D  Checking for metadata for AppLocalesMetadataHolderService : Service not found
2026-04-20 15:25:32.108 19089-19089 ActivityThread          com.dawn.libfilter                   V  callActivityOnCreate
2026-04-20 15:25:32.126 19089-19089 DecorView[]             com.dawn.libfilter                   I  pkgName:com.dawn.libfilter old windowMode:0 new windoMode:1, isFixedSize:false, isStackNeedCaptionView:true
2026-04-20 15:25:32.137 19089-19089 SmartSlideOverScroller  com.dawn.libfilter                   I  start init SmartSlideOverScroller and get the overscroller config
2026-04-20 15:25:32.137 19089-19089 SmartSlide...llerConfig com.dawn.libfilter                   I  get the overscroller config
2026-04-20 15:25:32.140 19089-19089 HwAdaptiveFrameManager  com.dawn.libfilter                   D  transmitPackageInfo sHardVelocity=10=175
