2026-04-20 15:25:27.321  2082-2195  WiFi_PRO_R...Controller system_server                        E  mTopAppName: com.dawn.libfilter
---------------------------- PROCESS STARTED (19088) for package com.dawn.libfilter ----------------------------
2026-04-20 15:25:27.347 19088-19088 Compatibil...geReporter com.dawn.libfilter                   D  Compat change id reported: 171979766; UID 10470; state: ENABLED
2026-04-20 15:25:27.350 19088-19088 Typeface                com.dawn.libfilter                   I  fontManager.getInitFontWeightScale:1.0
2026-04-20 15:25:27.432 19088-22670 .dawn.libfilte          com.dawn.libfilter                   I  HwMultiThreadDexLoader location /data/app/~~niz6utWg2bHqDzrPWPoy6A==/com.dawn.libfilter-YCkExQRwwU_14Vf2V85dmQ==/base.apk start threadNum=3
2026-04-20 15:25:27.438 19088-22670 .dawn.libfilte          com.dawn.libfilter                   W  OpenDexFilesFromOat: open oat file failed and fallback to load dex file from apk, package_name = com.dawn.libfilter version_code = 2 context = 0x70a1613070 class_loader = dalvik.system.PathClassLoader/0x0();java.lang.BootClassLoader/0x70b5548140 class_loader_status = 0 dex_location = /data/app/~~niz6utWg2bHqDzrPWPoy6A==/com.dawn.libfilter-YCkExQRwwU_14Vf2V85dmQ==/base.apk dex_location_writable = 0 oat_file_exists = 0 is_compressed_dex = 1 is_jank_perceptible = 0 is_process_on_top = 1 is_main_thread = 0 fallback_time = 123358854
2026-04-20 15:25:27.445 19088-22670 ActivityThread          com.dawn.libfilter                   I  Init compatible state: true
2026-04-20 15:25:27.446 19088-22670 HwFramewor...rtsFactory com.dawn.libfilter                   D  HwFrameworkSecurityPartsFactory in.
2026-04-20 15:25:27.446 19088-22670 HwFramewor...rtsFactory com.dawn.libfilter                   I  add HwFrameworkSecurityPartsFactory to memory.
2026-04-20 15:25:27.446 19088-22670 BehaviorCollectManager  com.dawn.libfilter                   D  hook process for AI virus second
2026-04-20 15:25:27.447 19088-22670 BehaviorCollectManager  com.dawn.libfilter                   I  bindAnalyzerService: huawei.android.security.IAppBehaviorDataAnalyzer$Stub$Proxy@bfd8395 pid:19088
2026-04-20 15:25:27.448 19088-19088 GraphicsEnvironment     com.dawn.libfilter                   V  ANGLE Developer option for 'com.dawn.libfilter' set to: 'default'
2026-04-20 15:25:27.448 19088-19088 GraphicsEnvironment     com.dawn.libfilter                   V  Neither updatable production driver nor prerelease driver is supported.
2026-04-20 15:25:27.450 19088-22670 HwApiCacheMangerEx      com.dawn.libfilter                   I  apicache path=/storage/emulated/0 state=mounted key=com.dawn.libfilter#10470#256
2026-04-20 15:25:27.450 19088-22670 HwApiCacheMangerEx      com.dawn.libfilter                   I  need clear apicache,because volumes changed,oldCnt=0 newCnt=1
2026-04-20 15:25:27.451 19088-22670 HwApiCacheMangerEx      com.dawn.libfilter                   I  apicache path=/storage/emulated/0 state=mounted key=com.dawn.libfilter#10470#0
2026-04-20 15:25:27.451 19088-22670 HwApiCacheMangerEx      com.dawn.libfilter                   I  need clear apicache,because volumes changed,oldCnt=1 newCnt=1
2026-04-20 15:25:27.451 19088-19088 NetworkSecurityConfig   com.dawn.libfilter                   D  No Network Security Config specified, using platform default
2026-04-20 15:25:27.452 19088-19088 NetworkSecurityConfig   com.dawn.libfilter                   D  No Network Security Config specified, using platform default
2026-04-20 15:25:27.452 19088-19088 HwViewStackScaleFactory com.dawn.libfilter                   I  add android.view.HwViewStackScaleFactory@3469caa to memory.
2026-04-20 15:25:27.455 19088-22670 AwareBitmapCacher       com.dawn.libfilter                   I  init processName:com.dawn.libfilter pid=19088 uid=10470
2026-04-20 15:25:27.456 19088-22700 AwareLog                com.dawn.libfilter                   E  AtomicFileUtils: readFileLines file not exist: android.util.AtomicFile@dc9d976
2026-04-20 15:25:27.468 19088-19088 HwTypeface              com.dawn.libfilter                   I  updateFont: scale=1.0
2026-04-20 15:25:27.468 19088-19088 HwTypeface              com.dawn.libfilter                   I  size is 0, use default font family
2026-04-20 15:25:27.469 19088-19088 ActivityThread          com.dawn.libfilter                   I  finishPreloaded preloadStatus 0
2026-04-20 15:25:27.469 19088-19088 HwViewRootImpl          com.dawn.libfilter                   I  Add sceneId 1 topId: 0
2026-04-20 15:25:27.469 19088-19088 ActivityThread          com.dawn.libfilter                   I  handleBindApplication cost: 122
2026-04-20 15:25:27.469 19088-19088 LaunchActivityItem      com.dawn.libfilter                   I  execute start, token = android.os.BinderProxy@f5ac920
2026-04-20 15:25:27.472 19088-19088 OpenGLRenderer          com.dawn.libfilter                   D  disableOutlineDraw is true
2026-04-20 15:25:27.473 19088-22701 OpenGLRenderer          com.dawn.libfilter                   I  RenderThread: progress name = [com.dawn.libfilter], viewCornerType = 0, g2param1 = 2.000000, g2param2 = 1.100000
2026-04-20 15:25:27.473 19088-22705 iGraphics               com.dawn.libfilter                   I  [0020080c] pn: com.dawn.libfilter, p: 19088
2026-04-20 15:25:27.473 19088-22705 iGraphics               com.dawn.libfilter                   I  [0030080c] no spt app: com.dawn.libfilter
2026-04-20 15:25:27.496 19088-19088 AppCompatDelegate       com.dawn.libfilter                   D  Checking for metadata for AppLocalesMetadataHolderService : Service not found
2026-04-20 15:25:27.504 19088-19088 ActivityThread          com.dawn.libfilter                   V  callActivityOnCreate
2026-04-20 15:25:27.523 19088-19088 DecorView[]             com.dawn.libfilter                   I  pkgName:com.dawn.libfilter old windowMode:0 new windoMode:1, isFixedSize:false, isStackNeedCaptionView:true
2026-04-20 15:25:27.534 19088-19088 SmartSlideOverScroller  com.dawn.libfilter                   I  start init SmartSlideOverScroller and get the overscroller config
2026-04-20 15:25:27.534 19088-19088 SmartSlide...llerConfig com.dawn.libfilter                   I  get the overscroller config
2026-04-20 15:25:27.537 19088-19088 HwAdaptiveFrameManager  com.dawn.libfilter                   D  transmitPackageInfo sHardVelocity=10=175
2026-04-20 15:25:27.555 19088-19088 .dawn.libfilte          com.dawn.libfilter                   W  Accessing hidden method Landroid/view/View;->computeFitSystemWindows(Landroid/graphics/Rect;Landroid/graphics/Rect;)Z (unsupported, reflection, allowed)
2026-04-20 15:25:27.556 19088-19088 .dawn.libfilte          com.dawn.libfilter                   W  Accessing hidden method Landroid/view/ViewGroup;->makeOptionalFitsSystemWindows()V (unsupported, reflection, allowed)
2026-04-20 15:25:27.592 19088-19088 ActivityThread          com.dawn.libfilter                   I  add activity client record, r= ActivityRecord{59fbf01 token=android.os.BinderProxy@f5ac920 {com.dawn.libfilter/com.dawn.libfilter.MainActivity}} token= android.os.BinderProxy@f5ac920
2026-04-20 15:25:27.599 19088-19088 HwPartMagi...dowFactory com.dawn.libfilter                   I  add HwPartMagicWindowFactory to memory.
2026-04-20 15:25:27.603 19088-19088 InputMethodManager      com.dawn.libfilter                   I  forContextInternal diaplayId:0,instance=android.view.inputmethod.InputMethodManager@bee7100
2026-04-20 15:25:27.606 19088-19088 MouseWheelSynthesizer   com.dawn.libfilter                   D  mMoveStepInDp: 64, mMoveStepInPixel: 208, mUpTimeDelayed: 100
2026-04-20 15:25:27.607 19088-19088 HwViewRootImpl          com.dawn.libfilter                   D  [onViewRootImplInitial] HotZone Threshold = 241
2026-04-20 15:25:27.607 19088-19088 HwViewRootImpl          com.dawn.libfilter                   D  [onViewRootImplInitial] create DisplayFeatureObservers
2026-04-20 15:25:27.610 19088-19088 ViewRootImpl            com.dawn.libfilter                   D  ViewUI ViewRootImpl mIsInProductivePCDisplay: false
2026-04-20 15:25:27.619 19088-19088 InsetsController        com.dawn.libfilter                   I  ViewUI_insets updateState new source: InsetsSource: {mType=ITYPE_STATUS_BAR, mFrame=[0,0][1260,130], mVisible=true}
2026-04-20 15:25:27.619 19088-19088 InsetsController        com.dawn.libfilter                   I  ViewUI_insets updateState new source: InsetsSource: {mType=ITYPE_NAVIGATION_BAR, mFrame=[0,0][0,0], mVisible=false}
2026-04-20 15:25:27.619 19088-19088 InputEventReceiver      com.dawn.libfilter                   D  dispatchInputInterval 0
2026-04-20 15:25:27.621 19088-19088 HwSoraManager           com.dawn.libfilter                   I  SORA is disabled for com.dawn.libfilter.MainActivity
2026-04-20 15:25:27.622 19088-19088 RmeSchedManager         com.dawn.libfilter                   I  init Rme, version is: v1.0
2026-04-20 15:25:27.622 19088-19088 RmeSchedManager         com.dawn.libfilter                   I  init Rme, version is: v1.0
2026-04-20 15:25:27.627 19088-19088 SceneHelper             com.dawn.libfilter                   D  initSceneCodeMap SCENE_CODE {FLING=0, TRANSIT=8, H_HDS=R, ANIM_LOW=d, ANIMATION_DRAWABLE=3, CONTROL_CENTER=M, BANNER_NOTIFICATION=P, SCREEN_FOLDABLE=C, PHOTOS_GRID_ACTIVE=g, L_CA=S, ANIM_VERY_LOW=c, ANIM_MEDIUM=e, BACK_LAUNCHER=7, SCREEN_SHOTS=X, HWVIEWPAGER_SLIDE=6, MULTI_TASKING=J, H_HEH=Q, PHOTOS_PBV_ENTER=V, H_SP=a, S_CSA=N, H_OCF=I, VOLUME_ANIMATION=O, HWBOTTOMSHEET_SCROLL=5, UNLOCK_INTO_LAUNCHER=G, H_QS=H, APP_BACK_ANIMATION=E, APP_START_ANIMATION=D, S_DDN=K, IME=9, PHOTOS_PBV_ROTATION=U, INCOMING_CALL=Y, CAMERA_ENTER=T, ANIMATOR=1, ANIMATION=2, VECTOR_DRAWABLE=4, S_DDC=L, FREEFORM_CHANGE=B, ANIM_HIGH=f, PHOTOS_SLOT_ALBUM_ENTER=W, SCREEN_RORATION=A, TRANSIT_ACTIVITY=F, H_FH=b, H_LT=Z}, CODE_SCENE{A=SCREEN_RORATION, B=FREEFORM_CHANGE, C=SCREEN_FOLDABLE, D=APP_START_ANIMATION, E=APP_BACK_ANIMATION, F=TRANSIT_ACTIVITY, G=UNLOCK_INTO_LAUNCHER, H=H_QS, I=H_OCF, J=MULTI_TASKING, K=S_DDN, L=S_DDC, M=CONTROL_CENTER, N=S_CSA, O=VOLUME_ANIMATION, P=BANNER_NOTIFICATION, Q=H_HEH, R=H_HDS, S=L_CA, T=CAMERA_ENTER, U=PHOTOS_PBV_ROTATION, V=PHOTOS_PBV_ENTER, W=PHOTOS_SLOT_ALBUM_ENTER, X=SCREEN_SHOTS, Y=INCOMING_CALL, Z=H_LT, a=H_SP, b=H_FH, c=ANIM_VERY_LOW, d=ANIM_LOW, e=ANIM_MEDIUM, f=ANIM_HIGH, g=PHOTOS_GRID_ACTIVE, 0=FLING, 1=ANIMATOR, 2=ANIMATION, 3=ANIMATION_DRAWABLE, 4=VECTOR_DRAWABLE, 5=HWBOTTOMSHEET_SCROLL, 6=HWVIEWPAGER_SLIDE, 7=BACK_LAUNCHER, 8=TRANSIT, 9=IME}
2026-04-20 15:25:27.627 19088-19088 SceneHelper             com.dawn.libfilter                   D  initAnimScene {A=120S, B=90S, D=120S, E=120S, F=120S, G=120S, H=120S, I=90, J=120S, K=90S, L=90S, M=120S, N=90S, O=90S, P=120S, Q=120S, R=90S, T=120S, U=120S, V=120S, W=120S, X=120S, Z=120S, a=120S, b=120S, c=VL, d=L, e=90S, f=120S, 5=90, 6=90, 7=120S, 8=120S, 9=90S}
2026-04-20 15:25:27.627 19088-19088 SceneHelper             com.dawn.libfilter                   D  initDynamicScene {0=[I@8496018}
2026-04-20 15:25:27.628 19088-19088 SceneHelper             com.dawn.libfilter                   D  initRateMap {120S=[I@d156a71, VL=[I@cf2f056, 90=[I@12eb8d7, 60=[I@a8065c4, L=[I@1453cad, 90S=[I@dc5bbe2, 120=[I@f3c0b73}
2026-04-20 15:25:27.629 19088-22708 HiTouch_Pr...reDetector com.dawn.libfilter                   D  onAttached, package=com.dawn.libfilter, windowType=1, mIsHiTouchRestricted=false
2026-04-20 15:25:27.636 19088-19088 DecorView               com.dawn.libfilter                   I  updateColorViewInt type:0 size: 130 color:ff3700b3 appColor:ff3700b3
2026-04-20 15:25:27.645  5210-5411  DollieAdapterService    com.huawei.systemserver              E  notifyActivityState pkg:com.dawn.libfilter/com.dawn.libfilter.MainActivity state:2 fg:true mUid:10470
2026-04-20 15:25:27.653 19088-19088 BufferQueueCore         com.dawn.libfilter                   D  BufferQueueCore: mDebugHwFlow=0, mIsBufferQueueLogVSupport=0.
2026-04-20 15:25:27.655 19088-19088 InsetsSourceConsumer    com.dawn.libfilter                   D  ViewUI_insets setControl -> ITYPE_STATUS_BAR on com.dawn.libfilter/com.dawn.libfilter.MainActivity
2026-04-20 15:25:27.655 19088-19088 InsetsSourceConsumer    com.dawn.libfilter                   D  ViewUI_insets setControl mType:0, requestedVisible:true, getLeash:null, needAnimation:false, mIsAnimationPending:false, getRootViewTitle:com.dawn.libfilter/com.dawn.libfilter.MainActivity
2026-04-20 15:25:27.665 19088-22701 OpenGLRenderer          com.dawn.libfilter                   I  CacheManager width 1260, height 2720
2026-04-20 15:25:27.666 19088-22701 OpenGLRenderer          com.dawn.libfilter                   E  Unable to match the desired swap behavior.
2026-04-20 15:25:27.668 19088-22722 Gralloc4                com.dawn.libfilter                   I  mapper 4.x is not supported
2026-04-20 15:25:27.669 19088-22722 Gralloc3                com.dawn.libfilter                   W  mapper 3.x is not supported
2026-04-20 15:25:27.671 19088-22722 Gralloc4                com.dawn.libfilter                   W  allocator 4.x is not supported
2026-04-20 15:25:27.671 19088-22722 Gralloc3                com.dawn.libfilter                   W  allocator 3.x is not supported
2026-04-20 15:25:27.683 19088-19088 HwViewRootImpl          com.dawn.libfilter                   I  removeInvalidNode jank list is null
2026-04-20 15:25:27.683 19088-19088 HwViewRootImpl          com.dawn.libfilter                   I  remove sceneId 1 topId: 0
2026-04-20 15:25:27.683 19088-19088 HwViewRootImpl          com.dawn.libfilter                   I  Add sceneId 10 topId: 0
2026-04-20 15:25:27.685 19088-19088 TopResumed...ChangeItem com.dawn.libfilter                   I  execute start, ActivityClientRecord = ActivityRecord{59fbf01 token=android.os.BinderProxy@f5ac920 {com.dawn.libfilter/com.dawn.libfilter.MainActivity}}
2026-04-20 15:25:27.686 19088-22701 OpenGLRenderer          com.dawn.libfilter                   D  disableOutlineDraw is true
2026-04-20 15:25:27.717 19088-19088 InsetsSourceConsumer    com.dawn.libfilter                   D  ViewUI_insets setControl -> ITYPE_STATUS_BAR on com.dawn.libfilter/com.dawn.libfilter.MainActivity
2026-04-20 15:25:27.717 19088-19088 InsetsSourceConsumer    com.dawn.libfilter                   D  ViewUI_insets setControl mType:0, requestedVisible:true, getLeash:Surface(name=Surface(name=58e5866 StatusBar)/@0x284fcd1 - animation-leash of insets_animation)/@0x11b75eb, needAnimation:false, mIsAnimationPending:false, getRootViewTitle:com.dawn.libfilter/com.dawn.libfilter.MainActivity
2026-04-20 15:25:27.718 19088-19088 HwViewRootImpl          com.dawn.libfilter                   D  [DetectViewsLocationRunner] updateResolution
2026-04-20 15:25:27.718 19088-19088 HwViewRootImpl          com.dawn.libfilter                   D  [DetectViewsLocationRunner] current resolutionScale: 1.0
2026-04-20 15:25:27.718 19088-19088 ImeFocusController      com.dawn.libfilter                   I  ViewUI imeDisplayId:0 contextDisplayId:0
2026-04-20 15:25:27.718 19088-19088 InputMethodManager      com.dawn.libfilter                   I  set currentRootView to : android.view.ViewRootImpl@560ff48
2026-04-20 15:25:27.720 19088-19088 InputMethodManager      com.dawn.libfilter                   I  Starting input: reason=WINDOW_FOCUS_GAIN
2026-04-20 15:25:27.720 19088-19088 HwRemoteIn...hodManager com.dawn.libfilter                   W  isCasting false because IHwDistributedWindowManager is invalid.
2026-04-20 15:25:27.722 19088-19088 InputMethodManager      com.dawn.libfilter                   I  Starting input: Bind resultString=SUCCESS_WAITING_IME_SESSION
2026-04-20 15:25:27.726 19088-19088 InputMethodManager      com.dawn.libfilter                   I  Starting input: reason=BOUND_TO_IMMS
2026-04-20 15:25:27.727 19088-19088 InputMethodManager      com.dawn.libfilter                   I  Starting input: finished by someone else. servedView=DecorView@63985c7[MainActivity],focus=false,windowFocus=true,autofillUiShowing=false,window=android.view.ViewRootImpl$W@c2ac7f4,displayId=0,temporaryDetach=false,hasImeFocus=true mServedConnecting=false
2026-04-20 15:25:27.732 19088-19088 InsetsSourceConsumer    com.dawn.libfilter                   D  ViewUI_insets setControl -> ITYPE_IME on com.dawn.libfilter/com.dawn.libfilter.MainActivity
2026-04-20 15:25:29.187 19088-19088 stylus                  com.dawn.libfilter                   D  init stylus touchlistener.
2026-04-20 15:25:29.188 19088-19088 Hwaps                   com.dawn.libfilter                   I  APS: EventAnalyzed: initAPS: version is 11.0.0.4
2026-04-20 15:25:29.188 19088-19088 Hwaps                   com.dawn.libfilter                   D  Fpsrequest create,type:EXACTLY_IDENTIFY
2026-04-20 15:25:29.189 19088-19088 Hwaps                   com.dawn.libfilter                   D  Fpsrequest create,type:EXACTLY_IDENTIFY
2026-04-20 15:25:29.189 19088-19088 Hwaps                   com.dawn.libfilter                   D  Fpsrequest create,type:OPENGL_SETTING
2026-04-20 15:25:29.189 19088-19088 Hwaps                   com.dawn.libfilter                   D  FpsController create
2026-04-20 15:25:29.191 19088-19088 Hwaps                   com.dawn.libfilter                   D  APS: EventAnalyzed: reInitFpsPara :mBaseFps = 120; mMaxFps = 120
2026-04-20 15:25:29.193 19088-19088 HwViewRootImpl          com.dawn.libfilter                   I  Add sceneId 11 topId: 10
2026-04-20 15:25:29.193 19088-19088 Settings                com.dawn.libfilter                   W  Setting device_provisioned has moved from android.provider.Settings.Secure to android.provider.Settings.Global.
2026-04-20 15:25:29.195 19088-19088 HiTouch_HiTouchSensor   com.dawn.libfilter                   V  User setup is finished.
2026-04-20 15:25:29.199 19088-19088 HwDragEnhancementImpl   com.dawn.libfilter                   D  handleTimerDrag: false
2026-04-20 15:25:29.205 19088-19088 HwDragEnhancementImpl   com.dawn.libfilter                   D  Start long press for hw drag enhancement.
2026-04-20 15:25:29.218 19088-22671 OpenGLRenderer          com.dawn.libfilter                   D  gpu complete is not signaled
2026-04-20 15:25:29.220 19088-22706 HwViewRootImpl          com.dawn.libfilter                   D  [DetectViewsLocationRunner] start to get views' rect, type = SCENE_WINDOW_FOCUS_CHANGE
2026-04-20 15:25:29.221 19088-22706 HwViewRootImpl          com.dawn.libfilter                   D  [DetectViewsLocationRunner] windowModeType: 1
2026-04-20 15:25:29.221 19088-22706 HwViewRootImpl          com.dawn.libfilter                   D  [DetectViewsLocationRunner] displayPoint: Point(1260, 2720)
2026-04-20 15:25:29.221 19088-22706 HwViewRootImpl          com.dawn.libfilter                   D  [DetectViewsLocationRunner] windowModeType: 1
2026-04-20 15:25:29.222 19088-22706 HwViewRootImpl          com.dawn.libfilter                   D  [DetectViewsLocationRunner] lazyMode:
2026-04-20 15:25:29.222 19088-22706 HwViewRootImpl          com.dawn.libfilter                   D  [DetectViewsLocationRunner] current mode is full screen
2026-04-20 15:25:29.222 19088-19088 HwViewRootImpl          com.dawn.libfilter                   D  [DetectViewsLocationRunner] start to getViewHierarchy
2026-04-20 15:25:29.224 19088-22706 HwViewRootImpl          com.dawn.libfilter                   D  [DetectViewsLocationRunner] deviceOrientation: 0
2026-04-20 15:25:29.224 19088-22706 HwViewRootImpl          com.dawn.libfilter                   D  [DetectViewsLocationRunner-ScreenDirection] ROTATION_0
2026-04-20 15:25:29.224 19088-22706 HwViewRootImpl          com.dawn.libfilter                   D  [DetectViewsLocationRunner] get views' rect = 0, SCENE_WINDOW_FOCUS_CHANGE
2026-04-20 15:25:29.266 19088-19088 HwApsManager            com.dawn.libfilter                   W  HwApsManagerService, registerCallback, start !
2026-04-20 15:25:29.267 19088-19088 Hwaps                   com.dawn.libfilter                   D  APS: EventAnalyzed: registerCallbackInApsManagerService, mPkgName:com.dawn.libfilter; result = true
2026-04-20 15:25:29.268 19088-19088 HwViewRootImpl          com.dawn.libfilter                   D  [DetectViewsLocationRunner] current resolutionScale: 1.0
2026-04-20 15:25:29.268 19088-19088 HwViewRootImpl          com.dawn.libfilter                   I  remove sceneId 11 topId: 10
2026-04-20 15:25:29.269 19088-19088 WebViewDragEnhancement  com.dawn.libfilter                   D  dragReset.
2026-04-20 15:25:29.269 19088-19088 WebViewDragEnhancement  com.dawn.libfilter                   D  dragReset cacheSize = 0
2026-04-20 15:25:29.270 19088-19088 AudioManager            com.dawn.libfilter                   V  querySoundEffectsEnabled...
2026-04-20 15:25:29.270 19088-19088 AudioManager            com.dawn.libfilter                   I  querySoundEffectsEnabled fail id: 0
2026-04-20 15:25:29.276 19088-22671 LifecycleTransaction    com.dawn.libfilter                   I  activityCallbacks TopResumedActivityChangeItem{onTop=false}
2026-04-20 15:25:29.277 19088-22671 LifecycleTransaction    com.dawn.libfilter                   I  lifecycleStateRequest PauseActivityItem{finished=false,userLeaving=true,configChanges=0,dontReport=false}
2026-04-20 15:25:29.283 19088-19088 TopResumed...ChangeItem com.dawn.libfilter                   I  execute start, ActivityClientRecord = ActivityRecord{59fbf01 token=android.os.BinderProxy@f5ac920 {com.dawn.libfilter/com.dawn.libfilter.MainActivity}}
2026-04-20 15:25:29.283 19088-19088 HwViewRootImpl          com.dawn.libfilter                   I  remove sceneId 10 topId: 0
2026-04-20 15:25:29.288 19088-22671 LifecycleTransaction    com.dawn.libfilter                   I  activityCallbacks LaunchActivityItem{intent=Intent { cmp=com.dawn.libfilter/.CameraFilterActivity },ident=28506757,info=ActivityInfo{e51889a com.dawn.libfilter.CameraFilterActivity},curConfig={1.0 460mcc7mnc [zh_CN_#Hans] ldltr sw387dp w387dp h796dp 520dpi nrml long hdr widecg port finger -keyb/v/h -nav/h winConfig={ mBounds=Rect(0, 0 - 1260, 2720) mAppBounds=Rect(0, 130 - 1260, 2720) mMaxBounds=Rect(0, 0 - 1260, 2720) mWindowingMode=fullscreen mDisplayWindowingMode=fullscreen mActivityType=undefined mAlwaysOnTop=undefined mRotation=ROTATION_0 mPopOverMode=0} suim:1 extflag:8 s.9349 fontWeightAdjustment=0},overrideConfig={1.0 460mcc7mnc [zh_CN_#Hans] ldltr sw387dp w387dp h796dp 520dpi nrml long hdr widecg port finger -keyb/v/h -nav/h winConfig={ mBounds=Rect(0, 0 - 1260, 2720) mAppBounds=Rect(0, 130 - 1260, 2720) mMaxBounds=Rect(0, 0 - 1260, 2720) mWindowingMode=fullscreen mDisplayWindowingMode=fullscreen mActivityType=standard mAlwaysOnTop=undefined mRotation=ROTATION_0 mPopOverMode=0} suim:1 extflag:8 s.1 fontWeightAdjustment=0},referrer=com.dawn.libfilter,procState=2,state=null,persistentState=null,pendingResults=null,pendingNewIntents=null,options=null,profilerInfo=null,assistToken=android.os.BinderProxy@17245cb,rotationAdj=null,shareableActivityToken=android.os.BinderProxy@4edc1a8}
2026-04-20 15:25:29.288 19088-22671 LifecycleTransaction    com.dawn.libfilter                   I  lifecycleStateRequest ResumeActivityItem{procState=-1,updateProcState=false,isForward=true}
2026-04-20 15:25:29.289 19088-22671 LifecycleTransaction    com.dawn.libfilter                   I  activityCallbacks TopResumedActivityChangeItem{onTop=true}
2026-04-20 15:25:29.293 19088-19088 HwViewRootImpl          com.dawn.libfilter                   I  Add sceneId 10 topId: 0
2026-04-20 15:25:29.293 19088-19088 HwViewRootImpl          com.dawn.libfilter                   I  Add sceneId 4 topId: 10
2026-04-20 15:25:29.294 19088-19088 HwViewRootImpl          com.dawn.libfilter                   I  remove sceneId 10 topId: 4
2026-04-20 15:25:29.294 19088-19088 HwViewRootImpl          com.dawn.libfilter                   I  Add sceneId 2 topId: 4
2026-04-20 15:25:29.294 19088-19088 HwViewRootImpl          com.dawn.libfilter                   I  Add sceneId 9 topId: 4
2026-04-20 15:25:29.294 19088-19088 LaunchActivityItem      com.dawn.libfilter                   I  execute start, token = android.os.BinderProxy@a2cd4c1
2026-04-20 15:25:29.302 19088-19088 ActivityThread          com.dawn.libfilter                   V  callActivityOnCreate
2026-04-20 15:25:29.307 19088-19088 DecorView[]             com.dawn.libfilter                   I  pkgName:com.dawn.libfilter old windowMode:0 new windoMode:1, isFixedSize:false, isStackNeedCaptionView:true
2026-04-20 15:25:29.310 19088-19088 SmartSlideOverScroller  com.dawn.libfilter                   I  start init SmartSlideOverScroller and get the overscroller config
2026-04-20 15:25:29.310 19088-19088 SmartSlide...llerConfig com.dawn.libfilter                   I  get the overscroller config
2026-04-20 15:25:29.311 19088-22661 System                  com.dawn.libfilter                   W  A resource failed to call close. 
2026-04-20 15:25:29.312 19088-22661 System                  com.dawn.libfilter                   W  A resource failed to call close. 
2026-04-20 15:25:29.312 19088-19088 HwAdaptiveFrameManager  com.dawn.libfilter                   D  transmitPackageInfo sHardVelocity=10=175
2026-04-20 15:25:29.324 19088-19088 HwMediaVie...ngeHandler com.dawn.libfilter                   I  attachLayoutChangeListener: attached listener to view=jp.co.cyberagent.android.gpuimage.GPUImageView$GPUImageGLSurfaceView{74b3408 V.E...... ......I. 0,0-0,0}
2026-04-20 15:25:29.324 19088-22736 GLThread                com.dawn.libfilter                   I  noticed surfaceView surface lost tid=53081
2026-04-20 15:25:29.366 19088-19088 SmartSlideOverScroller  com.dawn.libfilter                   I  start init SmartSlideOverScroller and get the overscroller config
2026-04-20 15:25:29.366 19088-19088 SmartSlide...llerConfig com.dawn.libfilter                   I  get the overscroller config
2026-04-20 15:25:29.368 19088-19088 HwAdaptiveFrameManager  com.dawn.libfilter                   D  transmitPackageInfo sHardVelocity=10=175
2026-04-20 15:25:29.383 19088-19088 ActivityThread          com.dawn.libfilter                   I  add activity client record, r= ActivityRecord{dab0974 token=android.os.BinderProxy@a2cd4c1 {com.dawn.libfilter/com.dawn.libfilter.CameraFilterActivity}} token= android.os.BinderProxy@a2cd4c1
2026-04-20 15:25:29.388 19088-19088 Camera                  com.dawn.libfilter                   I  thermal level is 0
2026-04-20 15:25:29.388 19088-19088 Camera                  com.dawn.libfilter                   I  open camera: 0, package name: com.dawn.libfilter
2026-04-20 15:25:29.406 19088-19088 Camera-JNI              com.dawn.libfilter                   V  getParameters
2026-04-20 15:25:29.406 19088-19088 Camera-JNI              com.dawn.libfilter                   V  start getCamera
2026-04-20 15:25:29.406 19088-19088 Camera-JNI              com.dawn.libfilter                   V  get_native_camera: context=0x70b5574ec0, camera=0x702954b500
2026-04-20 15:25:29.407 19088-19088 Camera-JNI              com.dawn.libfilter                   V  setParameters
2026-04-20 15:25:29.407 19088-19088 Camera-JNI              com.dawn.libfilter                   V  start getCamera
2026-04-20 15:25:29.407 19088-19088 Camera-JNI              com.dawn.libfilter                   V  get_native_camera: context=0x70b5574ec0, camera=0x702954b500
2026-04-20 15:25:29.407 19088-19088 Camera-JNI              com.dawn.libfilter                   V  setParameters finished
2026-04-20 15:25:29.410 19088-19088 MouseWheelSynthesizer   com.dawn.libfilter                   D  mMoveStepInDp: 64, mMoveStepInPixel: 208, mUpTimeDelayed: 100
2026-04-20 15:25:29.411 19088-19088 HwViewRootImpl          com.dawn.libfilter                   D  [onViewRootImplInitial] HotZone Threshold = 241
2026-04-20 15:25:29.411 19088-19088 ViewRootImpl            com.dawn.libfilter                   D  ViewUI ViewRootImpl mIsInProductivePCDisplay: false
2026-04-20 15:25:29.415 19088-19088 InsetsController        com.dawn.libfilter                   I  ViewUI_insets updateState new source: InsetsSource: {mType=ITYPE_STATUS_BAR, mFrame=[0,0][1260,130], mVisible=true}
2026-04-20 15:25:29.415 19088-19088 InsetsController        com.dawn.libfilter                   I  ViewUI_insets updateState new source: InsetsSource: {mType=ITYPE_NAVIGATION_BAR, mFrame=[0,0][0,0], mVisible=false}
2026-04-20 15:25:29.416 19088-19088 InputEventReceiver      com.dawn.libfilter                   D  dispatchInputInterval 0
2026-04-20 15:25:29.416 19088-19088 HwSoraManager           com.dawn.libfilter                   I  SORA is disabled for com.dawn.libfilter.CameraFilterActivity
2026-04-20 15:25:29.419 19088-19088 HwViewRootImpl          com.dawn.libfilter                   I  remove sceneId 2 topId: 9
2026-04-20 15:25:29.419 19088-19088 HwViewRootImpl          com.dawn.libfilter                   I  remove sceneId 9 topId: 4
2026-04-20 15:25:29.419 19088-19088 HwViewRootImpl          com.dawn.libfilter                   I  Add sceneId 10 topId: 4
2026-04-20 15:25:29.425 19088-22745 HiTouch_Pr...reDetector com.dawn.libfilter                   D  onAttached, package=com.dawn.libfilter, windowType=1, mIsHiTouchRestricted=false
2026-04-20 15:25:29.427 19088-19088 DecorView               com.dawn.libfilter                   I  updateColorViewInt type:0 size: 130 color:ff3700b3 appColor:ff3700b3
2026-04-20 15:25:29.428  5210-5411  DollieAdapterService    com.huawei.systemserver              E  notifyActivityState pkg:com.dawn.libfilter/com.dawn.libfilter.CameraFilterActivity state:2 fg:true mUid:10470
2026-04-20 15:25:29.439 19088-19088 BufferQueueCore         com.dawn.libfilter                   D  BufferQueueCore: mDebugHwFlow=0, mIsBufferQueueLogVSupport=0.
2026-04-20 15:25:29.441 19088-19088 InsetsSourceConsumer    com.dawn.libfilter                   D  ViewUI_insets setControl -> ITYPE_STATUS_BAR on com.dawn.libfilter/com.dawn.libfilter.CameraFilterActivity
2026-04-20 15:25:29.441 19088-19088 InsetsSourceConsumer    com.dawn.libfilter                   D  ViewUI_insets setControl mType:0, requestedVisible:true, getLeash:null, needAnimation:false, mIsAnimationPending:false, getRootViewTitle:com.dawn.libfilter/com.dawn.libfilter.CameraFilterActivity
2026-04-20 15:25:29.442 19088-22701 OpenGLRenderer          com.dawn.libfilter                   E  Unable to match the desired swap behavior.
2026-04-20 15:25:29.460 19088-19088 BufferQueueCore         com.dawn.libfilter                   D  BufferQueueCore: mDebugHwFlow=0, mIsBufferQueueLogVSupport=0.
2026-04-20 15:25:29.461 19088-19088 SurfaceView             com.dawn.libfilter                   I  ViewUI setLowResolutionInfo compatInfo.supportsScreen() is not satisfied
2026-04-20 15:25:29.461 19088-19088 Main thread             com.dawn.libfilter                   I  surfaceCreated waiting for surface. mWaitingForSurface: true mFinishedCreatingEglSurface: false mExited: false
2026-04-20 15:25:29.461 19088-22736 GLThread                com.dawn.libfilter                   I  noticed surfaceView surface acquired tid=53081
2026-04-20 15:25:29.461 19088-19088 HwApsImpl               com.dawn.libfilter                   W  not support full screen video recognize feature ## com.dawn.libfilter
2026-04-20 15:25:29.463 19088-22736 GLThread                com.dawn.libfilter                   I  noticing that we want render notification tid=53081
2026-04-20 15:25:29.463 19088-22736 GLThread                com.dawn.libfilter                   I  egl createSurface start.
2026-04-20 15:25:29.463 19088-22736 EglHelper               com.dawn.libfilter                   I  destroySurfaceImp finished in createSurface.
2026-04-20 15:25:29.463 19088-22736 EglHelper               com.dawn.libfilter                   I  create an EGL surface we can render into successfully.
2026-04-20 15:25:29.469 19088-22736 BufferQueueCore         com.dawn.libfilter                   D  BufferQueueCore: mDebugHwFlow=0, mIsBufferQueueLogVSupport=0.
2026-04-20 15:25:29.469 19088-22736 Camera-JNI              com.dawn.libfilter                   V  setPreviewTexture
2026-04-20 15:25:29.469 19088-22736 Camera-JNI              com.dawn.libfilter                   V  start getCamera
2026-04-20 15:25:29.469 19088-22736 Camera-JNI              com.dawn.libfilter                   V  get_native_camera: context=0x70b5574ec0, camera=0x702954b500
2026-04-20 15:25:29.469 19088-22736 Camera-JNI              com.dawn.libfilter                   V  setHasPreviewCallback: installed:1, manualBuffer:0
2026-04-20 15:25:29.469 19088-22736 Camera-JNI              com.dawn.libfilter                   V  start getCamera
2026-04-20 15:25:29.469 19088-22736 Camera-JNI              com.dawn.libfilter                   V  get_native_camera: context=0x70b5574ec0, camera=0x702954b500
2026-04-20 15:25:29.469 19088-22736 Camera-JNI              com.dawn.libfilter                   V  Clearing callback buffers, 0 remained
2026-04-20 15:25:29.469 19088-22736 Camera-JNI              com.dawn.libfilter                   V  startPreview
2026-04-20 15:25:29.469 19088-22736 Camera-JNI              com.dawn.libfilter                   V  start getCamera
2026-04-20 15:25:29.469 19088-22736 Camera-JNI              com.dawn.libfilter                   V  get_native_camera: context=0x70b5574ec0, camera=0x702954b500
2026-04-20 15:25:29.481 19088-22736 GLThread                com.dawn.libfilter                   I  sending render notification tid=53081
2026-04-20 15:25:29.486 19088-19088 TopResumed...ChangeItem com.dawn.libfilter                   I  execute start, ActivityClientRecord = ActivityRecord{dab0974 token=android.os.BinderProxy@a2cd4c1 {com.dawn.libfilter/com.dawn.libfilter.CameraFilterActivity}}
2026-04-20 15:25:29.487 19088-22701 OpenGLRenderer          com.dawn.libfilter                   D  disableOutlineDraw is true
2026-04-20 15:25:29.498 19088-19088 InsetsSourceConsumer    com.dawn.libfilter                   I  ViewUI_insets mSourceControl is null notifyControlRevoked type: 0
2026-04-20 15:25:29.499 19088-19088 InsetsSourceConsumer    com.dawn.libfilter                   D  ViewUI_insets setControl -> ITYPE_STATUS_BAR on com.dawn.libfilter/com.dawn.libfilter.CameraFilterActivity
2026-04-20 15:25:29.499 19088-19088 InsetsSourceConsumer    com.dawn.libfilter                   D  ViewUI_insets setControl mType:0, requestedVisible:true, getLeash:Surface(name=Surface(name=58e5866 StatusBar)/@0x284fcd1 - animation-leash of insets_animation)/@0xb89b2c3, needAnimation:false, mIsAnimationPending:false, getRootViewTitle:com.dawn.libfilter/com.dawn.libfilter.CameraFilterActivity
2026-04-20 15:25:29.503 19088-19088 HwMediaVie...ngeHandler com.dawn.libfilter                   I  handleMediaViewLayoutChanged, listener removed. view=jp.co.cyberagent.android.gpuimage.GPUImageView$GPUImageGLSurfaceView{74b3408 V.E...... ........ 0,0-961,1281}
2026-04-20 15:25:29.505 19088-19088 HwViewRootImpl          com.dawn.libfilter                   D  [DetectViewsLocationRunner] current resolutionScale: 1.0
2026-04-20 15:25:29.505 19088-19088 ImeFocusController      com.dawn.libfilter                   I  ViewUI imeDisplayId:0 contextDisplayId:0
2026-04-20 15:25:29.505 19088-19088 InputMethodManager      com.dawn.libfilter                   I  set currentRootView to : android.view.ViewRootImpl@a45b679
2026-04-20 15:25:29.509 19088-19088 InputMethodManager      com.dawn.libfilter                   I  Starting input: reason=WINDOW_FOCUS_GAIN
2026-04-20 15:25:29.509 19088-19088 HwRemoteIn...hodManager com.dawn.libfilter                   W  isCasting false because IHwDistributedWindowManager is invalid.
2026-04-20 15:25:29.522 19088-19088 InputMethodManager      com.dawn.libfilter                   I  Starting input: Bind resultString=SUCCESS_WITH_IME_SESSION
2026-04-20 15:25:29.550 19088-19088 InsetsSourceConsumer    com.dawn.libfilter                   D  ViewUI_insets setControl -> ITYPE_IME on com.dawn.libfilter/com.dawn.libfilter.CameraFilterActivity
2026-04-20 15:25:29.758 19088-22671 Camera-JNI              com.dawn.libfilter                   V  dataCallback(16, 0x702bc695b0)
2026-04-20 15:25:29.759 19088-22671 Camera-JNI              com.dawn.libfilter                   V  copyAndPost: off=0, size=4147200
2026-04-20 15:25:29.759 19088-22671 Camera-JNI              com.dawn.libfilter                   V  Allocating callback buffer
2026-04-20 15:25:29.759 19088-22736 .dawn.libfilte          com.dawn.libfilter                   W  [SurfaceTexture-2-19088-0] bindTextureImage: clearing GL error: 0x502
2026-04-20 15:25:29.767 19088-19088 Camera                  com.dawn.libfilter                   I  PACKAGENAME: com.dawn.libfilter API_VERSION:API1 CAMERA_SCENE:0STARTMEMavailMem6058028kB_totalMem15976196kB_lowMemoryfalse_threshold221184kBENDMEMavailMem5369820kB_totalMem15976196kB_lowMemoryfalse_threshold221184kB
2026-04-20 15:25:29.767 19088-19088 Camera-JNI              com.dawn.libfilter                   V  setHasPreviewCallback: installed:1, manualBuffer:0
2026-04-20 15:25:29.767 19088-19088 Camera-JNI              com.dawn.libfilter                   V  start getCamera
2026-04-20 15:25:29.767 19088-19088 Camera-JNI              com.dawn.libfilter                   V  get_native_camera: context=0x70b5574ec0, camera=0x702954b500
2026-04-20 15:25:29.768 19088-19088 Camera-JNI              com.dawn.libfilter                   V  Clearing callback buffers, 0 remained
2026-04-20 15:25:29.768 19088-19088 Camera-JNI              com.dawn.libfilter                   V  getParameters
2026-04-20 15:25:29.768 19088-19088 Camera-JNI              com.dawn.libfilter                   V  start getCamera
2026-04-20 15:25:29.768 19088-19088 Camera-JNI              com.dawn.libfilter                   V  get_native_camera: context=0x70b5574ec0, camera=0x702954b500
2026-04-20 15:25:29.804 19088-22671 Camera-JNI              com.dawn.libfilter                   V  dataCallback(16, 0x702c6cf380)
2026-04-20 15:25:29.805 19088-22671 Camera-JNI              com.dawn.libfilter                   V  copyAndPost: off=4147200, size=4147200
2026-04-20 15:25:29.805 19088-22671 Camera-JNI              com.dawn.libfilter                   V  Allocating callback buffer
2026-04-20 15:25:29.808 19088-19088 Camera-JNI              com.dawn.libfilter                   V  setHasPreviewCallback: installed:1, manualBuffer:0
2026-04-20 15:25:29.808 19088-19088 Camera-JNI              com.dawn.libfilter                   V  start getCamera
2026-04-20 15:25:29.808 19088-19088 Camera-JNI              com.dawn.libfilter                   V  get_native_camera: context=0x70b5574ec0, camera=0x702954b500
2026-04-20 15:25:29.808 19088-19088 Camera-JNI              com.dawn.libfilter                   V  Clearing callback buffers, 0 remained
2026-04-20 15:25:29.808 19088-19088 Camera-JNI              com.dawn.libfilter                   V  getParameters
2026-04-20 15:25:29.808 19088-19088 Camera-JNI              com.dawn.libfilter                   V  start getCamera
2026-04-20 15:25:29.808 19088-19088 Camera-JNI              com.dawn.libfilter                   V  get_native_camera: context=0x70b5574ec0, camera=0x702954b500
2026-04-20 15:25:29.833 19088-22671 Camera-JNI              com.dawn.libfilter                   V  dataCallback(16, 0x702c6cf380)
2026-04-20 15:25:29.834 19088-22671 Camera-JNI              com.dawn.libfilter                   V  copyAndPost: off=8294400, size=4147200
2026-04-20 15:25:29.834 19088-22671 Camera-JNI              com.dawn.libfilter                   V  Allocating callback buffer
2026-04-20 15:25:29.837 19088-19088 Camera-JNI              com.dawn.libfilter                   V  setHasPreviewCallback: installed:1, manualBuffer:0
2026-04-20 15:25:29.837 19088-19088 Camera-JNI              com.dawn.libfilter                   V  start getCamera
2026-04-20 15:25:29.837 19088-19088 Camera-JNI              com.dawn.libfilter                   V  get_native_camera: context=0x70b5574ec0, camera=0x702954b500
2026-04-20 15:25:29.837 19088-19088 Camera-JNI              com.dawn.libfilter                   V  Clearing callback buffers, 0 remained
2026-04-20 15:25:29.837 19088-19088 Camera-JNI              com.dawn.libfilter                   V  getParameters
2026-04-20 15:25:29.837 19088-19088 Camera-JNI              com.dawn.libfilter                   V  start getCamera
2026-04-20 15:25:29.837 19088-19088 Camera-JNI              com.dawn.libfilter                   V  get_native_camera: context=0x70b5574ec0, camera=0x702954b500
2026-04-20 15:25:29.870 19088-22701 BufferQueueProducer     com.dawn.libfilter                   W  [com.dawn.libfilter/com.dawn.libfilter.MainActivity#0(BLAST Consumer)0](id:4a9000000000,api:0,p:-1,c:19088) disconnect: not connected (req=1)
2026-04-20 15:25:29.870 19088-22701 libEGL                  com.dawn.libfilter                   W  EGLNativeWindowType 0x7029405810 disconnect failed
2026-04-20 15:25:29.870 19088-22701 OpenGLRenderer          com.dawn.libfilter                   D  endAllActiveAnimators on 0x70293b5a00 (RippleDrawable) with handle 0x702c4880c0
2026-04-20 15:25:29.871 19088-22667 LifecycleTransaction    com.dawn.libfilter                   I  lifecycleStateRequest StopActivityItem{showWindow=false,configChanges=0}
2026-04-20 15:25:29.872 19088-22698 Camera-JNI              com.dawn.libfilter                   V  dataCallback(16, 0x702c6cf7e0)
2026-04-20 15:25:29.872 19088-22698 Camera-JNI              com.dawn.libfilter                   V  copyAndPost: off=12441600, size=4147200
2026-04-20 15:25:29.872 19088-22698 Camera-JNI              com.dawn.libfilter                   V  Allocating callback buffer
2026-04-20 15:25:29.876 19088-19088 HwViewRootImpl          com.dawn.libfilter                   I  remove sceneId 4 topId: 10
2026-04-20 15:25:29.876 19088-19088 HwViewRootImpl          com.dawn.libfilter                   I  remove sceneId 10 topId: 0
2026-04-20 15:25:29.882 19088-19088 HwViewRootImpl          com.dawn.libfilter                   I  Add sceneId 10 topId: 0
2026-04-20 15:25:29.882 19088-19088 HwViewRootImpl          com.dawn.libfilter                   I  Add sceneId 4 topId: 10
2026-04-20 15:25:29.882 19088-19088 Camera-JNI              com.dawn.libfilter                   V  setHasPreviewCallback: installed:1, manualBuffer:0
2026-04-20 15:25:29.882 19088-19088 Camera-JNI              com.dawn.libfilter                   V  start getCamera
2026-04-20 15:25:29.882 19088-19088 Camera-JNI              com.dawn.libfilter                   V  get_native_camera: context=0x70b5574ec0, camera=0x702954b500
2026-04-20 15:25:29.882 19088-19088 Camera-JNI              com.dawn.libfilter                   V  Clearing callback buffers, 0 remained
2026-04-20 15:25:29.882 19088-19088 Camera-JNI              com.dawn.libfilter                   V  getParameters
2026-04-20 15:25:29.882 19088-19088 Camera-JNI              com.dawn.libfilter                   V  start getCamera
2026-04-20 15:25:29.882 19088-19088 Camera-JNI              com.dawn.libfilter                   V  get_native_camera: context=0x70b5574ec0, camera=0x702954b500
2026-04-20 15:25:29.892 19088-22698 Camera-JNI              com.dawn.libfilter                   V  dataCallback(16, 0x702c6cf7e0)
2026-04-20 15:25:29.892 19088-22698 Camera-JNI              com.dawn.libfilter                   V  copyAndPost: off=16588800, size=4147200
2026-04-20 15:25:29.892 19088-22698 Camera-JNI              com.dawn.libfilter                   V  Allocating callback buffer
2026-04-20 15:25:29.894 19088-19088 Camera-JNI              com.dawn.libfilter                   V  setHasPreviewCallback: installed:1, manualBuffer:0
2026-04-20 15:25:29.894 19088-19088 Camera-JNI              com.dawn.libfilter                   V  start getCamera
2026-04-20 15:25:29.894 19088-19088 Camera-JNI              com.dawn.libfilter                   V  get_native_camera: context=0x70b5574ec0, camera=0x702954b500
2026-04-20 15:25:29.895 19088-19088 Camera-JNI              com.dawn.libfilter                   V  Clearing callback buffers, 0 remained
2026-04-20 15:25:29.895 19088-19088 Camera-JNI              com.dawn.libfilter                   V  getParameters
2026-04-20 15:25:29.895 19088-19088 Camera-JNI              com.dawn.libfilter                   V  start getCamera
2026-04-20 15:25:29.895 19088-19088 Camera-JNI              com.dawn.libfilter                   V  get_native_camera: context=0x70b5574ec0, camera=0x702954b500
2026-04-20 15:25:29.935 19088-22671 Camera-JNI              com.dawn.libfilter                   V  dataCallback(16, 0x702c6cf380)
2026-04-20 15:25:29.935 19088-22671 Camera-JNI              com.dawn.libfilter                   V  copyAndPost: off=20736000, size=4147200
2026-04-20 15:25:29.935 19088-22671 Camera-JNI              com.dawn.libfilter                   V  Allocating callback buffer
2026-04-20 15:25:29.937 19088-19088 Camera-JNI              com.dawn.libfilter                   V  setHasPreviewCallback: installed:1, manualBuffer:0
2026-04-20 15:25:29.937 19088-19088 Camera-JNI              com.dawn.libfilter                   V  start getCamera
2026-04-20 15:25:29.937 19088-19088 Camera-JNI              com.dawn.libfilter                   V  get_native_camera: context=0x70b5574ec0, camera=0x702954b500
2026-04-20 15:25:29.937 19088-19088 Camera-JNI              com.dawn.libfilter                   V  Clearing callback buffers, 0 remained
2026-04-20 15:25:29.938 19088-19088 Camera-JNI              com.dawn.libfilter                   V  getParameters
2026-04-20 15:25:29.938 19088-19088 Camera-JNI              com.dawn.libfilter                   V  start getCamera
2026-04-20 15:25:29.938 19088-19088 Camera-JNI              com.dawn.libfilter                   V  get_native_camera: context=0x70b5574ec0, camera=0x702954b500
2026-04-20 15:25:29.969 19088-22698 Camera-JNI              com.dawn.libfilter                   V  dataCallback(16, 0x702c6cf7e0)
2026-04-20 15:25:29.969 19088-22698 Camera-JNI              com.dawn.libfilter                   V  copyAndPost: off=0, size=4147200
2026-04-20 15:25:29.969 19088-22698 Camera-JNI              com.dawn.libfilter                   V  Allocating callback buffer
2026-04-20 15:25:29.971 19088-19088 Camera-JNI              com.dawn.libfilter                   V  setHasPreviewCallback: installed:1, manualBuffer:0
2026-04-20 15:25:29.971 19088-19088 Camera-JNI              com.dawn.libfilter                   V  start getCamera
2026-04-20 15:25:29.971 19088-19088 Camera-JNI              com.dawn.libfilter                   V  get_native_camera: context=0x70b5574ec0, camera=0x702954b500
2026-04-20 15:25:29.972 19088-19088 Camera-JNI              com.dawn.libfilter                   V  Clearing callback buffers, 0 remained
2026-04-20 15:25:29.972 19088-19088 Camera-JNI              com.dawn.libfilter                   V  getParameters
2026-04-20 15:25:29.972 19088-19088 Camera-JNI              com.dawn.libfilter                   V  start getCamera
2026-04-20 15:25:29.972 19088-19088 Camera-JNI              com.dawn.libfilter                   V  get_native_camera: context=0x70b5574ec0, camera=0x702954b500
2026-04-20 15:25:30.003 19088-22698 Camera-JNI              com.dawn.libfilter                   V  dataCallback(16, 0x702c6cf7e0)
2026-04-20 15:25:30.003 19088-22698 Camera-JNI              com.dawn.libfilter                   V  copyAndPost: off=4147200, size=4147200
2026-04-20 15:25:30.003 19088-22698 Camera-JNI              com.dawn.libfilter                   V  Allocating callback buffer
2026-04-20 15:25:30.005 19088-19088 Camera-JNI              com.dawn.libfilter                   V  setHasPreviewCallback: installed:1, manualBuffer:0
2026-04-20 15:25:30.005 19088-19088 Camera-JNI              com.dawn.libfilter                   V  start getCamera
2026-04-20 15:25:30.005 19088-19088 Camera-JNI              com.dawn.libfilter                   V  get_native_camera: context=0x70b5574ec0, camera=0x702954b500
2026-04-20 15:25:30.005 19088-19088 Camera-JNI              com.dawn.libfilter                   V  Clearing callback buffers, 0 remained
2026-04-20 15:25:30.006 19088-19088 Camera-JNI              com.dawn.libfilter                   V  getParameters
2026-04-20 15:25:30.006 19088-19088 Camera-JNI              com.dawn.libfilter                   V  start getCamera
2026-04-20 15:25:30.006 19088-19088 Camera-JNI              com.dawn.libfilter                   V  get_native_camera: context=0x70b5574ec0, camera=0x702954b500
2026-04-20 15:25:30.035 19088-22698 Camera-JNI              com.dawn.libfilter                   V  dataCallback(16, 0x702c6cf7e0)
2026-04-20 15:25:30.036 19088-22698 Camera-JNI              com.dawn.libfilter                   V  copyAndPost: off=8294400, size=4147200
2026-04-20 15:25:30.036 19088-22698 Camera-JNI              com.dawn.libfilter                   V  Allocating callback buffer
2026-04-20 15:25:30.039 19088-19088 Camera-JNI              com.dawn.libfilter                   V  setHasPreviewCallback: installed:1, manualBuffer:0
2026-04-20 15:25:30.039 19088-19088 Camera-JNI              com.dawn.libfilter                   V  start getCamera
2026-04-20 15:25:30.039 19088-19088 Camera-JNI              com.dawn.libfilter                   V  get_native_camera: context=0x70b5574ec0, camera=0x702954b500
2026-04-20 15:25:30.039 19088-19088 Camera-JNI              com.dawn.libfilter                   V  Clearing callback buffers, 0 remained
2026-04-20 15:25:30.039 19088-19088 Camera-JNI              com.dawn.libfilter                   V  getParameters
2026-04-20 15:25:30.039 19088-19088 Camera-JNI              com.dawn.libfilter                   V  start getCamera
2026-04-20 15:25:30.039 19088-19088 Camera-JNI              com.dawn.libfilter                   V  get_native_camera: context=0x70b5574ec0, camera=0x702954b500
