2026-04-20 15:25:39.510 19089-19089 Camera-JNI              com.dawn.libfilter                   V  get_native_camera: context=0x70b56aa9a0, camera=0x708d9b2800
2026-04-20 15:25:39.510 19089-19089 Camera-JNI              com.dawn.libfilter                   V  Clearing callback buffers, 0 remained
2026-04-20 15:25:39.510 19089-19089 Camera                  com.dawn.libfilter                   I  close camera: 1, package name: com.dawn.libfilter
2026-04-20 15:25:39.512 19089-19089 Camera-JNI              com.dawn.libfilter                   V  release camera
2026-04-20 15:25:39.512 19089-19089 Camera-JNI              com.dawn.libfilter                   V  release
2026-04-20 15:25:39.512 19089-19089 Camera-JNI              com.dawn.libfilter                   V  Clearing callback buffers, 0 remained
2026-04-20 15:25:39.512 19089-19089 Camera-JNI              com.dawn.libfilter                   V  Clearing callback buffers, 0 remained
2026-04-20 15:25:39.512 19089-19089 Camera-JNI              com.dawn.libfilter                   V  native_release: context=0x70b56aa9a0 camera=0x708d9b2800
2026-04-20 15:25:39.668 19089-22883 GLThread                com.dawn.libfilter                   I  releasing EGL surface because paused tid=53082
2026-04-20 15:25:39.677 19089-22883 BufferQueueProducer     com.dawn.libfilter                   W  [SurfaceView[com.dawn.libfilter/com.dawn.libfilter.CameraFilterActivity]#2(BLAST Consumer)2](id:4a9100000002,api:0,p:-1,c:19089) disconnect: not connected (req=1)
2026-04-20 15:25:39.677 19089-22883 libEGL                  com.dawn.libfilter                   W  EGLNativeWindowType 0x6ff2059810 disconnect failed
2026-04-20 15:25:39.678 19089-22883 GLThread                com.dawn.libfilter                   I  releasing EGL context because paused tid=53082
2026-04-20 15:25:39.680 19089-22853 LifecycleTransaction    com.dawn.libfilter                   I  activityCallbacks TopResumedActivityChangeItem{onTop=true}
2026-04-20 15:25:39.680  2082-4909  ActivityTaskManager     system_server                        E  ensureVisibilityAndConfig begin next:ActivityRecord{d79f9bc u0 com.dawn.libfilter/.MainActivity t28475}
2026-04-20 15:25:39.682  2082-4909  ActivityTaskManager     system_server                        E  ensureVisibilityAndConfig starting:ActivityRecord{d79f9bc u0 com.dawn.libfilter/.MainActivity t28475}, kept:true
2026-04-20 15:25:39.682  2082-4909  ActivityTaskManager     system_server                        E  ensureVisibilityAndConfig end next:ActivityRecord{d79f9bc u0 com.dawn.libfilter/.MainActivity t28475}
2026-04-20 15:25:39.683 19089-22833 LifecycleTransaction    com.dawn.libfilter                   I  lifecycleStateRequest ResumeActivityItem{procState=2,updateProcState=true,isForward=false}
2026-04-20 15:25:39.686 19089-19089 TopResumed...ChangeItem com.dawn.libfilter                   I  execute start, ActivityClientRecord = ActivityRecord{bea07e7 token=android.os.BinderProxy@f5ac920 {com.dawn.libfilter/com.dawn.libfilter.MainActivity}}
2026-04-20 15:25:39.687 19089-19089 ActivityThread          com.dawn.libfilter                   D  Won't deliver top position change in state=5
2026-04-20 15:25:39.688 19089-19089 HwViewRootImpl          com.dawn.libfilter                   I  Add sceneId 3 topId: 0
2026-04-20 15:25:39.692 19089-22839 Camera-JNI              com.dawn.libfilter                   V  release
2026-04-20 15:25:39.692 19089-22839 Camera-JNI              com.dawn.libfilter                   V  Clearing callback buffers, 0 remained
2026-04-20 15:25:39.692 19089-22839 Camera-JNI              com.dawn.libfilter                   V  Clearing callback buffers, 0 remained
2026-04-20 15:25:39.701 19089-19089 BufferQueueCore         com.dawn.libfilter                   D  BufferQueueCore: mDebugHwFlow=0, mIsBufferQueueLogVSupport=0.
2026-04-20 15:25:39.702 19089-19089 InsetsSourceConsumer    com.dawn.libfilter                   D  ViewUI_insets setControl -> ITYPE_STATUS_BAR on com.dawn.libfilter/com.dawn.libfilter.MainActivity
2026-04-20 15:25:39.702 19089-19089 InsetsSourceConsumer    com.dawn.libfilter                   D  ViewUI_insets setControl mType:0, requestedVisible:true, getLeash:null, needAnimation:false, mIsAnimationPending:false, getRootViewTitle:com.dawn.libfilter/com.dawn.libfilter.MainActivity
2026-04-20 15:25:39.702 19089-22854 OpenGLRenderer          com.dawn.libfilter                   E  Unable to match the desired swap behavior.
2026-04-20 15:25:39.710  5210-5411  DollieAdapterService    com.huawei.systemserver              E  notifyActivityState pkg:com.dawn.libfilter/com.dawn.libfilter.MainActivity state:2 fg:true mUid:10470
2026-04-20 15:25:39.710 19089-19089 HwViewRootImpl          com.dawn.libfilter                   I  remove sceneId 3 topId: 0
2026-04-20 15:25:39.710 19089-19089 HwViewRootImpl          com.dawn.libfilter                   I  Add sceneId 10 topId: 0
2026-04-20 15:25:39.716 19089-19089 InsetsSourceConsumer    com.dawn.libfilter                   D  ViewUI_insets setControl -> ITYPE_STATUS_BAR on com.dawn.libfilter/com.dawn.libfilter.MainActivity
2026-04-20 15:25:39.716 19089-19089 InsetsSourceConsumer    com.dawn.libfilter                   D  ViewUI_insets setControl mType:0, requestedVisible:true, getLeash:Surface(name=Surface(name=58e5866 StatusBar)/@0x284fcd1 - animation-leash of insets_animation)/@0x8b85a7e, needAnimation:false, mIsAnimationPending:false, getRootViewTitle:com.dawn.libfilter/com.dawn.libfilter.MainActivity
2026-04-20 15:25:39.717 19089-19089 InsetsSourceConsumer    com.dawn.libfilter                   I  ViewUI_insets mSourceControl is null notifyControlRevoked type: 0
2026-04-20 15:25:39.720 19089-19089 HwViewRootImpl          com.dawn.libfilter                   D  [DetectViewsLocationRunner] current resolutionScale: 1.0
2026-04-20 15:25:39.720 19089-19089 InputMethodManager      com.dawn.libfilter                   I  set currentRootView to : android.view.ViewRootImpl@dc61b06
2026-04-20 15:25:39.721 19089-19089 InputMethodManager      com.dawn.libfilter                   I  Starting input: reason=WINDOW_FOCUS_GAIN
2026-04-20 15:25:39.721 19089-19089 HwRemoteIn...hodManager com.dawn.libfilter                   W  isCasting false because IHwDistributedWindowManager is invalid.
2026-04-20 15:25:39.728 19089-19089 InputMethodManager      com.dawn.libfilter                   I  Starting input: Bind resultString=SUCCESS_WITH_IME_SESSION
2026-04-20 15:25:39.742 19089-19089 InsetsSourceConsumer    com.dawn.libfilter                   D  ViewUI_insets setControl -> ITYPE_IME on com.dawn.libfilter/com.dawn.libfilter.MainActivity
2026-04-20 15:25:40.077 19089-19089 Main thread             com.dawn.libfilter                   I  surfaceDestroyed waiting for surface. mWaitingForSurface: false mExited: false
2026-04-20 15:25:40.077 19089-22883 GLThread                com.dawn.libfilter                   I  noticed surfaceView surface lost tid=53082
2026-04-20 15:25:40.077 19089-19089 HwApsImpl               com.dawn.libfilter                   W  not support full screen video recognize feature  ## com.dawn.libfilter
2026-04-20 15:25:40.082 19089-22854 BufferQueueProducer     com.dawn.libfilter                   W  [com.dawn.libfilter/com.dawn.libfilter.CameraFilterActivity#1(BLAST Consumer)1](id:4a9100000001,api:0,p:-1,c:19089) disconnect: not connected (req=1)
2026-04-20 15:25:40.082 19089-22854 libEGL                  com.dawn.libfilter                   W  EGLNativeWindowType 0x6ff2057010 disconnect failed
2026-04-20 15:25:40.084 19089-22839 LifecycleTransaction    com.dawn.libfilter                   I  lifecycleStateRequest DestroyActivityItem{finished=true,mConfigChanges=0}
2026-04-20 15:25:40.088 19089-19089 SurfaceView             com.dawn.libfilter                   W  ViewUI notifySurfaceDestroyed
2026-04-20 15:25:40.088 19089-19089 SurfaceView             com.dawn.libfilter                   W  ViewUI notifySurfaceDestroyed
2026-04-20 15:25:40.090 19089-19089 HwViewRootImpl          com.dawn.libfilter                   I  remove sceneId 10 topId: 0
2026-04-20 15:25:40.091 19089-19089 ActivityThread          com.dawn.libfilter                   I  Remove activity client record, r= ActivityRecord{b9d2086 token=android.os.BinderProxy@c2f9466 {com.dawn.libfilter/com.dawn.libfilter.CameraFilterActivity}} token= android.os.BinderProxy@c2f9466
2026-04-20 15:25:40.092 19089-19089 SurfaceView             com.dawn.libfilter                   W  ViewUI notifySurfaceDestroyed
2026-04-20 15:25:41.224 19089-22859 HwViewRootImpl          com.dawn.libfilter                   D  [DetectViewsLocationRunner] start to get views' rect, type = SCENE_WINDOW_FOCUS_CHANGE
2026-04-20 15:25:41.226 19089-22859 HwViewRootImpl          com.dawn.libfilter                   D  [DetectViewsLocationRunner] windowModeType: 1
2026-04-20 15:25:41.227 19089-22859 HwViewRootImpl          com.dawn.libfilter                   D  [DetectViewsLocationRunner] displayPoint: Point(1260, 2720)
2026-04-20 15:25:41.227 19089-22859 HwViewRootImpl          com.dawn.libfilter                   D  [DetectViewsLocationRunner] windowModeType: 1
2026-04-20 15:25:41.228 19089-22859 HwViewRootImpl          com.dawn.libfilter                   D  [DetectViewsLocationRunner] lazyMode:
2026-04-20 15:25:41.229 19089-22859 HwViewRootImpl          com.dawn.libfilter                   D  [DetectViewsLocationRunner] current mode is full screen
2026-04-20 15:25:41.230 19089-19089 HwViewRootImpl          com.dawn.libfilter                   D  [DetectViewsLocationRunner] start to getViewHierarchy
2026-04-20 15:25:41.233 19089-22859 HwViewRootImpl          com.dawn.libfilter                   D  [DetectViewsLocationRunner] deviceOrientation: 0
2026-04-20 15:25:41.233 19089-22859 HwViewRootImpl          com.dawn.libfilter                   D  [DetectViewsLocationRunner-ScreenDirection] ROTATION_0
2026-04-20 15:25:41.233 19089-22859 HwViewRootImpl          com.dawn.libfilter                   D  [DetectViewsLocationRunner] get views' rect = 0, SCENE_WINDOW_FOCUS_CHANGE
