2026-04-20 15:25:32.158 19089-19089 .dawn.libfilte          com.dawn.libfilter                   W  Accessing hidden method Landroid/view/View;->computeFitSystemWindows(Landroid/graphics/Rect;Landroid/graphics/Rect;)Z (unsupported, reflection, allowed)
2026-04-20 15:25:32.159 19089-19089 .dawn.libfilte          com.dawn.libfilter                   W  Accessing hidden method Landroid/view/ViewGroup;->makeOptionalFitsSystemWindows()V (unsupported, reflection, allowed)
2026-04-20 15:25:32.192 19089-19089 ActivityThread          com.dawn.libfilter                   I  add activity client record, r= ActivityRecord{bea07e7 token=android.os.BinderProxy@f5ac920 {com.dawn.libfilter/com.dawn.libfilter.MainActivity}} token= android.os.BinderProxy@f5ac920
2026-04-20 15:25:32.200 19089-19089 HwPartMagi...dowFactory com.dawn.libfilter                   I  add HwPartMagicWindowFactory to memory.
2026-04-20 15:25:32.205 19089-19089 InputMethodManager      com.dawn.libfilter                   I  forContextInternal diaplayId:0,instance=android.view.inputmethod.InputMethodManager@aa26f7e
2026-04-20 15:25:32.207 19089-19089 MouseWheelSynthesizer   com.dawn.libfilter                   D  mMoveStepInDp: 64, mMoveStepInPixel: 208, mUpTimeDelayed: 100
2026-04-20 15:25:32.209 19089-19089 HwViewRootImpl          com.dawn.libfilter                   D  [onViewRootImplInitial] HotZone Threshold = 241
2026-04-20 15:25:32.209 19089-19089 HwViewRootImpl          com.dawn.libfilter                   D  [onViewRootImplInitial] create DisplayFeatureObservers
2026-04-20 15:25:32.212 19089-19089 ViewRootImpl            com.dawn.libfilter                   D  ViewUI ViewRootImpl mIsInProductivePCDisplay: false
2026-04-20 15:25:32.219 19089-19089 InsetsController        com.dawn.libfilter                   I  ViewUI_insets updateState new source: InsetsSource: {mType=ITYPE_STATUS_BAR, mFrame=[0,0][1260,130], mVisible=true}
2026-04-20 15:25:32.219 19089-19089 InsetsController        com.dawn.libfilter                   I  ViewUI_insets updateState new source: InsetsSource: {mType=ITYPE_NAVIGATION_BAR, mFrame=[0,0][0,0], mVisible=false}
2026-04-20 15:25:32.220 19089-19089 InputEventReceiver      com.dawn.libfilter                   D  dispatchInputInterval 0
2026-04-20 15:25:32.222 19089-19089 HwSoraManager           com.dawn.libfilter                   I  SORA is disabled for com.dawn.libfilter.MainActivity
2026-04-20 15:25:32.223 19089-19089 RmeSchedManager         com.dawn.libfilter                   I  init Rme, version is: v1.0
2026-04-20 15:25:32.223 19089-19089 RmeSchedManager         com.dawn.libfilter                   I  init Rme, version is: v1.0
2026-04-20 15:25:32.228 19089-19089 SceneHelper             com.dawn.libfilter                   D  initSceneCodeMap SCENE_CODE {FLING=0, TRANSIT=8, H_HDS=R, ANIM_LOW=d, ANIMATION_DRAWABLE=3, CONTROL_CENTER=M, BANNER_NOTIFICATION=P, SCREEN_FOLDABLE=C, PHOTOS_GRID_ACTIVE=g, L_CA=S, ANIM_VERY_LOW=c, ANIM_MEDIUM=e, BACK_LAUNCHER=7, SCREEN_SHOTS=X, HWVIEWPAGER_SLIDE=6, MULTI_TASKING=J, H_HEH=Q, PHOTOS_PBV_ENTER=V, H_SP=a, S_CSA=N, H_OCF=I, VOLUME_ANIMATION=O, HWBOTTOMSHEET_SCROLL=5, UNLOCK_INTO_LAUNCHER=G, H_QS=H, APP_BACK_ANIMATION=E, APP_START_ANIMATION=D, S_DDN=K, IME=9, PHOTOS_PBV_ROTATION=U, INCOMING_CALL=Y, CAMERA_ENTER=T, ANIMATOR=1, ANIMATION=2, VECTOR_DRAWABLE=4, S_DDC=L, FREEFORM_CHANGE=B, ANIM_HIGH=f, PHOTOS_SLOT_ALBUM_ENTER=W, SCREEN_RORATION=A, TRANSIT_ACTIVITY=F, H_FH=b, H_LT=Z}, CODE_SCENE{A=SCREEN_RORATION, B=FREEFORM_CHANGE, C=SCREEN_FOLDABLE, D=APP_START_ANIMATION, E=APP_BACK_ANIMATION, F=TRANSIT_ACTIVITY, G=UNLOCK_INTO_LAUNCHER, H=H_QS, I=H_OCF, J=MULTI_TASKING, K=S_DDN, L=S_DDC, M=CONTROL_CENTER, N=S_CSA, O=VOLUME_ANIMATION, P=BANNER_NOTIFICATION, Q=H_HEH, R=H_HDS, S=L_CA, T=CAMERA_ENTER, U=PHOTOS_PBV_ROTATION, V=PHOTOS_PBV_ENTER, W=PHOTOS_SLOT_ALBUM_ENTER, X=SCREEN_SHOTS, Y=INCOMING_CALL, Z=H_LT, a=H_SP, b=H_FH, c=ANIM_VERY_LOW, d=ANIM_LOW, e=ANIM_MEDIUM, f=ANIM_HIGH, g=PHOTOS_GRID_ACTIVE, 0=FLING, 1=ANIMATOR, 2=ANIMATION, 3=ANIMATION_DRAWABLE, 4=VECTOR_DRAWABLE, 5=HWBOTTOMSHEET_SCROLL, 6=HWVIEWPAGER_SLIDE, 7=BACK_LAUNCHER, 8=TRANSIT, 9=IME}
2026-04-20 15:25:32.228 19089-19089 SceneHelper             com.dawn.libfilter                   D  initAnimScene {A=120S, B=90S, D=120S, E=120S, F=120S, G=120S, H=120S, I=90, J=120S, K=90S, L=90S, M=120S, N=90S, O=90S, P=120S, Q=120S, R=90S, T=120S, U=120S, V=120S, W=120S, X=120S, Z=120S, a=120S, b=120S, c=VL, d=L, e=90S, f=120S, 5=90, 6=90, 7=120S, 8=120S, 9=90S}
2026-04-20 15:25:32.228 19089-22861 HiTouch_Pr...reDetector com.dawn.libfilter                   D  onAttached, package=com.dawn.libfilter, windowType=1, mIsHiTouchRestricted=false
2026-04-20 15:25:32.229 19089-19089 SceneHelper             com.dawn.libfilter                   D  initDynamicScene {0=[I@cf2f056}
2026-04-20 15:25:32.229 19089-19089 SceneHelper             com.dawn.libfilter                   D  initRateMap {120S=[I@12eb8d7, VL=[I@a8065c4, 90=[I@1453cad, 60=[I@dc5bbe2, L=[I@f3c0b73, 90S=[I@6001a30, 120=[I@725f6a9}
2026-04-20 15:25:32.231  5210-5411  DollieAdapterService    com.huawei.systemserver              E  notifyActivityState pkg:com.dawn.libfilter/com.dawn.libfilter.MainActivity state:2 fg:true mUid:10470
2026-04-20 15:25:32.232 19089-22833 LifecycleTransaction    com.dawn.libfilter                   I  activityCallbacks TopResumedActivityChangeItem{onTop=true}
2026-04-20 15:25:32.235 19089-19089 DecorView               com.dawn.libfilter                   I  updateColorViewInt type:0 size: 130 color:ff3700b3 appColor:ff3700b3
2026-04-20 15:25:32.249 19089-19089 BufferQueueCore         com.dawn.libfilter                   D  BufferQueueCore: mDebugHwFlow=0, mIsBufferQueueLogVSupport=0.
2026-04-20 15:25:32.250 19089-19089 InsetsSourceConsumer    com.dawn.libfilter                   D  ViewUI_insets setControl -> ITYPE_STATUS_BAR on com.dawn.libfilter/com.dawn.libfilter.MainActivity
2026-04-20 15:25:32.250 19089-19089 InsetsSourceConsumer    com.dawn.libfilter                   D  ViewUI_insets setControl mType:0, requestedVisible:true, getLeash:null, needAnimation:false, mIsAnimationPending:false, getRootViewTitle:com.dawn.libfilter/com.dawn.libfilter.MainActivity
2026-04-20 15:25:32.263 19089-22854 OpenGLRenderer          com.dawn.libfilter                   I  CacheManager width 1260, height 2720
2026-04-20 15:25:32.264 19089-22854 OpenGLRenderer          com.dawn.libfilter                   E  Unable to match the desired swap behavior.
2026-04-20 15:25:32.265 19089-22871 Gralloc4                com.dawn.libfilter                   I  mapper 4.x is not supported
2026-04-20 15:25:32.265 19089-22871 Gralloc3                com.dawn.libfilter                   W  mapper 3.x is not supported
2026-04-20 15:25:32.267 19089-22871 Gralloc4                com.dawn.libfilter                   W  allocator 4.x is not supported
2026-04-20 15:25:32.267 19089-22871 Gralloc3                com.dawn.libfilter                   W  allocator 3.x is not supported
2026-04-20 15:25:32.282 19089-19089 HwViewRootImpl          com.dawn.libfilter                   I  removeInvalidNode jank list is null
2026-04-20 15:25:32.282 19089-19089 HwViewRootImpl          com.dawn.libfilter                   I  remove sceneId 1 topId: 0
2026-04-20 15:25:32.282 19089-19089 HwViewRootImpl          com.dawn.libfilter                   I  Add sceneId 10 topId: 0
2026-04-20 15:25:32.285 19089-22854 OpenGLRenderer          com.dawn.libfilter                   D  disableOutlineDraw is true
2026-04-20 15:25:32.298 19089-19089 TopResumed...ChangeItem com.dawn.libfilter                   I  execute start, ActivityClientRecord = ActivityRecord{bea07e7 token=android.os.BinderProxy@f5ac920 {com.dawn.libfilter/com.dawn.libfilter.MainActivity}}
2026-04-20 15:25:32.299 19089-19089 InsetsSourceConsumer    com.dawn.libfilter                   D  ViewUI_insets setControl -> ITYPE_STATUS_BAR on com.dawn.libfilter/com.dawn.libfilter.MainActivity
2026-04-20 15:25:32.299 19089-19089 InsetsSourceConsumer    com.dawn.libfilter                   D  ViewUI_insets setControl mType:0, requestedVisible:true, getLeash:Surface(name=Surface(name=58e5866 StatusBar)/@0x284fcd1 - animation-leash of insets_animation)/@0x1c4d1e1, needAnimation:false, mIsAnimationPending:false, getRootViewTitle:com.dawn.libfilter/com.dawn.libfilter.MainActivity
2026-04-20 15:25:32.300 19089-19089 HwViewRootImpl          com.dawn.libfilter                   D  [DetectViewsLocationRunner] updateResolution
2026-04-20 15:25:32.300 19089-19089 HwViewRootImpl          com.dawn.libfilter                   D  [DetectViewsLocationRunner] current resolutionScale: 1.0
2026-04-20 15:25:32.300 19089-19089 ImeFocusController      com.dawn.libfilter                   I  ViewUI imeDisplayId:0 contextDisplayId:0
2026-04-20 15:25:32.300 19089-19089 InputMethodManager      com.dawn.libfilter                   I  set currentRootView to : android.view.ViewRootImpl@dc61b06
2026-04-20 15:25:32.302 19089-19089 InputMethodManager      com.dawn.libfilter                   I  Starting input: reason=WINDOW_FOCUS_GAIN
2026-04-20 15:25:32.303 19089-19089 HwRemoteIn...hodManager com.dawn.libfilter                   W  isCasting false because IHwDistributedWindowManager is invalid.
2026-04-20 15:25:32.309 19089-19089 InputMethodManager      com.dawn.libfilter                   I  Starting input: Bind resultString=SUCCESS_WAITING_IME_SESSION
2026-04-20 15:25:32.313 19089-19089 InputMethodManager      com.dawn.libfilter                   I  Starting input: reason=BOUND_TO_IMMS
2026-04-20 15:25:32.314 19089-19089 InputMethodManager      com.dawn.libfilter                   I  Starting input: finished by someone else. servedView=DecorView@1dbab1d[MainActivity],focus=false,windowFocus=true,autofillUiShowing=false,window=android.view.ViewRootImpl$W@e18e192,displayId=0,temporaryDetach=false,hasImeFocus=true mServedConnecting=false
2026-04-20 15:25:32.320 19089-19089 InsetsSourceConsumer    com.dawn.libfilter                   D  ViewUI_insets setControl -> ITYPE_IME on com.dawn.libfilter/com.dawn.libfilter.MainActivity
---------------------------- PROCESS ENDED (22802) for package com.dawn.libfilter ----------------------------
2026-04-20 15:25:33.048 19089-19089 stylus                  com.dawn.libfilter                   D  init stylus touchlistener.
2026-04-20 15:25:33.049 19089-19089 Hwaps                   com.dawn.libfilter                   I  APS: EventAnalyzed: initAPS: version is 11.0.0.4
2026-04-20 15:25:33.049 19089-19089 Hwaps                   com.dawn.libfilter                   D  Fpsrequest create,type:EXACTLY_IDENTIFY
2026-04-20 15:25:33.049 19089-19089 Hwaps                   com.dawn.libfilter                   D  Fpsrequest create,type:EXACTLY_IDENTIFY
2026-04-20 15:25:33.049 19089-19089 Hwaps                   com.dawn.libfilter                   D  Fpsrequest create,type:OPENGL_SETTING
2026-04-20 15:25:33.049 19089-19089 Hwaps                   com.dawn.libfilter                   D  FpsController create
2026-04-20 15:25:33.051 19089-19089 Hwaps                   com.dawn.libfilter                   D  APS: EventAnalyzed: reInitFpsPara :mBaseFps = 120; mMaxFps = 120
2026-04-20 15:25:33.053 19089-19089 HwViewRootImpl          com.dawn.libfilter                   I  Add sceneId 11 topId: 10
2026-04-20 15:25:33.053 19089-19089 Settings                com.dawn.libfilter                   W  Setting device_provisioned has moved from android.provider.Settings.Secure to android.provider.Settings.Global.
2026-04-20 15:25:33.055 19089-19089 HiTouch_HiTouchSensor   com.dawn.libfilter                   V  User setup is finished.
2026-04-20 15:25:33.059 19089-19089 HwDragEnhancementImpl   com.dawn.libfilter                   D  handleTimerDrag: false
2026-04-20 15:25:33.064 19089-19089 HwDragEnhancementImpl   com.dawn.libfilter                   D  Start long press for hw drag enhancement.
2026-04-20 15:25:33.079 19089-22839 OpenGLRenderer          com.dawn.libfilter                   D  gpu complete is not signaled
2026-04-20 15:25:33.131 19089-19089 HwApsManager            com.dawn.libfilter                   W  HwApsManagerService, registerCallback, start !
2026-04-20 15:25:33.133 19089-19089 Hwaps                   com.dawn.libfilter                   D  APS: EventAnalyzed: registerCallbackInApsManagerService, mPkgName:com.dawn.libfilter; result = true
2026-04-20 15:25:33.134 19089-19089 HwViewRootImpl          com.dawn.libfilter                   D  [DetectViewsLocationRunner] current resolutionScale: 1.0
2026-04-20 15:25:33.134 19089-19089 HwViewRootImpl          com.dawn.libfilter                   I  remove sceneId 11 topId: 10
2026-04-20 15:25:33.135 19089-19089 WebViewDragEnhancement  com.dawn.libfilter                   D  dragReset.
2026-04-20 15:25:33.135 19089-19089 WebViewDragEnhancement  com.dawn.libfilter                   D  dragReset cacheSize = 0
2026-04-20 15:25:33.139 19089-19089 AudioManager            com.dawn.libfilter                   V  querySoundEffectsEnabled...
2026-04-20 15:25:33.139 19089-19089 AudioManager            com.dawn.libfilter                   I  querySoundEffectsEnabled fail id: 0
2026-04-20 15:25:33.146 19089-22839 LifecycleTransaction    com.dawn.libfilter                   I  activityCallbacks TopResumedActivityChangeItem{onTop=false}
2026-04-20 15:25:33.147 19089-22839 LifecycleTransaction    com.dawn.libfilter                   I  lifecycleStateRequest PauseActivityItem{finished=false,userLeaving=true,configChanges=0,dontReport=false}
2026-04-20 15:25:33.154 19089-19089 TopResumed...ChangeItem com.dawn.libfilter                   I  execute start, ActivityClientRecord = ActivityRecord{bea07e7 token=android.os.BinderProxy@f5ac920 {com.dawn.libfilter/com.dawn.libfilter.MainActivity}}
2026-04-20 15:25:33.154 19089-19089 HwViewRootImpl          com.dawn.libfilter                   I  remove sceneId 10 topId: 0
2026-04-20 15:25:33.160 19089-22839 LifecycleTransaction    com.dawn.libfilter                   I  activityCallbacks LaunchActivityItem{intent=Intent { cmp=com.dawn.libfilter/.CameraFilterActivity },ident=62031103,info=ActivityInfo{17245cb com.dawn.libfilter.CameraFilterActivity},curConfig={1.0 460mcc7mnc [zh_CN_#Hans] ldltr sw387dp w387dp h796dp 520dpi nrml long hdr widecg port finger -keyb/v/h -nav/h winConfig={ mBounds=Rect(0, 0 - 1260, 2720) mAppBounds=Rect(0, 130 - 1260, 2720) mMaxBounds=Rect(0, 0 - 1260, 2720) mWindowingMode=fullscreen mDisplayWindowingMode=fullscreen mActivityType=undefined mAlwaysOnTop=undefined mRotation=ROTATION_0 mPopOverMode=0} suim:1 extflag:8 s.9349 fontWeightAdjustment=0},overrideConfig={1.0 460mcc7mnc [zh_CN_#Hans] ldltr sw387dp w387dp h796dp 520dpi nrml long hdr widecg port finger -keyb/v/h -nav/h winConfig={ mBounds=Rect(0, 0 - 1260, 2720) mAppBounds=Rect(0, 130 - 1260, 2720) mMaxBounds=Rect(0, 0 - 1260, 2720) mWindowingMode=fullscreen mDisplayWindowingMode=fullscreen mActivityType=standard mAlwaysOnTop=undefined mRotation=ROTATION_0 mPopOverMode=0} suim:1 extflag:8 s.1 fontWeightAdjustment=0},referrer=com.dawn.libfilter,procState=2,state=null,persistentState=null,pendingResults=null,pendingNewIntents=null,options=null,profilerInfo=null,assistToken=android.os.BinderProxy@4edc1a8,rotationAdj=null,shareableActivityToken=android.os.BinderProxy@a2cd4c1}
2026-04-20 15:25:33.160 19089-22839 LifecycleTransaction    com.dawn.libfilter                   I  lifecycleStateRequest ResumeActivityItem{procState=-1,updateProcState=false,isForward=true}
2026-04-20 15:25:33.161 19089-22839 LifecycleTransaction    com.dawn.libfilter                   I  activityCallbacks TopResumedActivityChangeItem{onTop=true}
2026-04-20 15:25:33.163 19089-19089 HwViewRootImpl          com.dawn.libfilter                   I  Add sceneId 10 topId: 0
2026-04-20 15:25:33.163 19089-19089 HwViewRootImpl          com.dawn.libfilter                   I  Add sceneId 4 topId: 10
2026-04-20 15:25:33.163 19089-19089 HwViewRootImpl          com.dawn.libfilter                   I  remove sceneId 10 topId: 4
2026-04-20 15:25:33.163 19089-19089 HwViewRootImpl          com.dawn.libfilter                   I  Add sceneId 2 topId: 4
2026-04-20 15:25:33.163 19089-19089 HwViewRootImpl          com.dawn.libfilter                   I  Add sceneId 9 topId: 4
2026-04-20 15:25:33.164 19089-19089 LaunchActivityItem      com.dawn.libfilter                   I  execute start, token = android.os.BinderProxy@c2f9466
2026-04-20 15:25:33.170 19089-19089 ActivityThread          com.dawn.libfilter                   V  callActivityOnCreate
2026-04-20 15:25:33.175 19089-19089 DecorView[]             com.dawn.libfilter                   I  pkgName:com.dawn.libfilter old windowMode:0 new windoMode:1, isFixedSize:false, isStackNeedCaptionView:true
2026-04-20 15:25:33.177 19089-19089 SmartSlideOverScroller  com.dawn.libfilter                   I  start init SmartSlideOverScroller and get the overscroller config
2026-04-20 15:25:33.177 19089-19089 SmartSlide...llerConfig com.dawn.libfilter                   I  get the overscroller config
2026-04-20 15:25:33.179 19089-19089 HwAdaptiveFrameManager  com.dawn.libfilter                   D  transmitPackageInfo sHardVelocity=10=175
2026-04-20 15:25:33.191 19089-19089 HwMediaVie...ngeHandler com.dawn.libfilter                   I  attachLayoutChangeListener: attached listener to view=jp.co.cyberagent.android.gpuimage.GPUImageView$GPUImageGLSurfaceView{74b3408 V.E...... ......I. 0,0-0,0}
2026-04-20 15:25:33.191 19089-22883 GLThread                com.dawn.libfilter                   I  noticed surfaceView surface lost tid=53082
2026-04-20 15:25:33.233 19089-19089 SmartSlideOverScroller  com.dawn.libfilter                   I  start init SmartSlideOverScroller and get the overscroller config
2026-04-20 15:25:33.233 19089-19089 SmartSlide...llerConfig com.dawn.libfilter                   I  get the overscroller config
2026-04-20 15:25:33.235 19089-19089 HwAdaptiveFrameManager  com.dawn.libfilter                   D  transmitPackageInfo sHardVelocity=10=175
2026-04-20 15:25:33.255 19089-19089 ActivityThread          com.dawn.libfilter                   I  add activity client record, r= ActivityRecord{b9d2086 token=android.os.BinderProxy@c2f9466 {com.dawn.libfilter/com.dawn.libfilter.CameraFilterActivity}} token= android.os.BinderProxy@c2f9466
2026-04-20 15:25:33.260 19089-19089 Camera                  com.dawn.libfilter                   I  thermal level is 0
2026-04-20 15:25:33.260 19089-19089 Camera                  com.dawn.libfilter                   I  open camera: 0, package name: com.dawn.libfilter
2026-04-20 15:25:33.276 19089-19089 Camera-JNI              com.dawn.libfilter                   V  getParameters
2026-04-20 15:25:33.276 19089-19089 Camera-JNI              com.dawn.libfilter                   V  start getCamera
2026-04-20 15:25:33.276 19089-19089 Camera-JNI              com.dawn.libfilter                   V  get_native_camera: context=0x708d90fec0, camera=0x702a7ff000
2026-04-20 15:25:33.277 19089-19089 Camera-JNI              com.dawn.libfilter                   V  setParameters
2026-04-20 15:25:33.277 19089-19089 Camera-JNI              com.dawn.libfilter                   V  start getCamera
2026-04-20 15:25:33.277 19089-19089 Camera-JNI              com.dawn.libfilter                   V  get_native_camera: context=0x708d90fec0, camera=0x702a7ff000
2026-04-20 15:25:33.278 19089-19089 Camera-JNI              com.dawn.libfilter                   V  setParameters finished
2026-04-20 15:25:33.281 19089-19089 MouseWheelSynthesizer   com.dawn.libfilter                   D  mMoveStepInDp: 64, mMoveStepInPixel: 208, mUpTimeDelayed: 100
2026-04-20 15:25:33.282 19089-19089 HwViewRootImpl          com.dawn.libfilter                   D  [onViewRootImplInitial] HotZone Threshold = 241
2026-04-20 15:25:33.282 19089-19089 ViewRootImpl            com.dawn.libfilter                   D  ViewUI ViewRootImpl mIsInProductivePCDisplay: false
2026-04-20 15:25:33.285 19089-19089 InsetsController        com.dawn.libfilter                   I  ViewUI_insets updateState new source: InsetsSource: {mType=ITYPE_STATUS_BAR, mFrame=[0,0][1260,130], mVisible=true}
2026-04-20 15:25:33.285 19089-19089 InsetsController        com.dawn.libfilter                   I  ViewUI_insets updateState new source: InsetsSource: {mType=ITYPE_NAVIGATION_BAR, mFrame=[0,0][0,0], mVisible=false}
2026-04-20 15:25:33.286 19089-19089 InputEventReceiver      com.dawn.libfilter                   D  dispatchInputInterval 0
2026-04-20 15:25:33.287 19089-19089 HwSoraManager           com.dawn.libfilter                   I  SORA is disabled for com.dawn.libfilter.CameraFilterActivity
2026-04-20 15:25:33.295 19089-22904 HiTouch_Pr...reDetector com.dawn.libfilter                   D  onAttached, package=com.dawn.libfilter, windowType=1, mIsHiTouchRestricted=false
2026-04-20 15:25:33.296 19089-19089 DecorView               com.dawn.libfilter                   I  updateColorViewInt type:0 size: 130 color:ff3700b3 appColor:ff3700b3
2026-04-20 15:25:33.299  5210-5411  DollieAdapterService    com.huawei.systemserver              E  notifyActivityState pkg:com.dawn.libfilter/com.dawn.libfilter.CameraFilterActivity state:2 fg:true mUid:10470
2026-04-20 15:25:33.309 19089-19089 BufferQueueCore         com.dawn.libfilter                   D  BufferQueueCore: mDebugHwFlow=0, mIsBufferQueueLogVSupport=0.
2026-04-20 15:25:33.310 19089-19089 InsetsSourceConsumer    com.dawn.libfilter                   D  ViewUI_insets setControl -> ITYPE_STATUS_BAR on com.dawn.libfilter/com.dawn.libfilter.CameraFilterActivity
2026-04-20 15:25:33.310 19089-19089 InsetsSourceConsumer    com.dawn.libfilter                   D  ViewUI_insets setControl mType:0, requestedVisible:true, getLeash:null, needAnimation:false, mIsAnimationPending:false, getRootViewTitle:com.dawn.libfilter/com.dawn.libfilter.CameraFilterActivity
2026-04-20 15:25:33.311 19089-22854 OpenGLRenderer          com.dawn.libfilter                   E  Unable to match the desired swap behavior.
2026-04-20 15:25:33.330 19089-19089 BufferQueueCore         com.dawn.libfilter                   D  BufferQueueCore: mDebugHwFlow=0, mIsBufferQueueLogVSupport=0.
2026-04-20 15:25:33.330 19089-19089 SurfaceView             com.dawn.libfilter                   I  ViewUI setLowResolutionInfo compatInfo.supportsScreen() is not satisfied
2026-04-20 15:25:33.331 19089-19089 Main thread             com.dawn.libfilter                   I  surfaceCreated waiting for surface. mWaitingForSurface: true mFinishedCreatingEglSurface: false mExited: false
2026-04-20 15:25:33.331 19089-22883 GLThread                com.dawn.libfilter                   I  noticed surfaceView surface acquired tid=53082
2026-04-20 15:25:33.331 19089-19089 HwApsImpl               com.dawn.libfilter                   W  not support full screen video recognize feature ## com.dawn.libfilter
2026-04-20 15:25:33.332 19089-22883 GLThread                com.dawn.libfilter                   I  noticing that we want render notification tid=53082
2026-04-20 15:25:33.333 19089-22883 GLThread                com.dawn.libfilter                   I  egl createSurface start.
2026-04-20 15:25:33.333 19089-22883 EglHelper               com.dawn.libfilter                   I  destroySurfaceImp finished in createSurface.
2026-04-20 15:25:33.334 19089-22883 EglHelper               com.dawn.libfilter                   I  create an EGL surface we can render into successfully.
2026-04-20 15:25:33.339 19089-22883 BufferQueueCore         com.dawn.libfilter                   D  BufferQueueCore: mDebugHwFlow=0, mIsBufferQueueLogVSupport=0.
2026-04-20 15:25:33.339 19089-22883 Camera-JNI              com.dawn.libfilter                   V  setPreviewTexture
2026-04-20 15:25:33.339 19089-22883 Camera-JNI              com.dawn.libfilter                   V  start getCamera
2026-04-20 15:25:33.339 19089-22883 Camera-JNI              com.dawn.libfilter                   V  get_native_camera: context=0x708d90fec0, camera=0x702a7ff000
2026-04-20 15:25:33.339 19089-22883 Camera-JNI              com.dawn.libfilter                   V  setHasPreviewCallback: installed:1, manualBuffer:0
2026-04-20 15:25:33.339 19089-22883 Camera-JNI              com.dawn.libfilter                   V  start getCamera
2026-04-20 15:25:33.339 19089-22883 Camera-JNI              com.dawn.libfilter                   V  get_native_camera: context=0x708d90fec0, camera=0x702a7ff000
2026-04-20 15:25:33.339 19089-22883 Camera-JNI              com.dawn.libfilter                   V  Clearing callback buffers, 0 remained
2026-04-20 15:25:33.339 19089-22883 Camera-JNI              com.dawn.libfilter                   V  startPreview
2026-04-20 15:25:33.339 19089-22883 Camera-JNI              com.dawn.libfilter                   V  start getCamera
2026-04-20 15:25:33.339 19089-22883 Camera-JNI              com.dawn.libfilter                   V  get_native_camera: context=0x708d90fec0, camera=0x702a7ff000
2026-04-20 15:25:33.348 19089-22883 GLThread                com.dawn.libfilter                   I  sending render notification tid=53082
2026-04-20 15:25:33.352 19089-19089 HwViewRootImpl          com.dawn.libfilter                   I  remove sceneId 2 topId: 9
2026-04-20 15:25:33.352 19089-19089 HwViewRootImpl          com.dawn.libfilter                   I  remove sceneId 9 topId: 4
2026-04-20 15:25:33.352 19089-19089 HwViewRootImpl          com.dawn.libfilter                   I  Add sceneId 10 topId: 4
2026-04-20 15:25:33.355 19089-19089 TopResumed...ChangeItem com.dawn.libfilter                   I  execute start, ActivityClientRecord = ActivityRecord{b9d2086 token=android.os.BinderProxy@c2f9466 {com.dawn.libfilter/com.dawn.libfilter.CameraFilterActivity}}
2026-04-20 15:25:33.356 19089-22854 OpenGLRenderer          com.dawn.libfilter                   D  disableOutlineDraw is true
2026-04-20 15:25:33.368 19089-19089 InsetsSourceConsumer    com.dawn.libfilter                   I  ViewUI_insets mSourceControl is null notifyControlRevoked type: 0
2026-04-20 15:25:33.369 19089-19089 InsetsSourceConsumer    com.dawn.libfilter                   D  ViewUI_insets setControl -> ITYPE_STATUS_BAR on com.dawn.libfilter/com.dawn.libfilter.CameraFilterActivity
2026-04-20 15:25:33.369 19089-19089 InsetsSourceConsumer    com.dawn.libfilter                   D  ViewUI_insets setControl mType:0, requestedVisible:true, getLeash:Surface(name=Surface(name=58e5866 StatusBar)/@0x284fcd1 - animation-leash of insets_animation)/@0x7399f7d, needAnimation:false, mIsAnimationPending:false, getRootViewTitle:com.dawn.libfilter/com.dawn.libfilter.CameraFilterActivity
2026-04-20 15:25:33.370 19089-19089 HwMediaVie...ngeHandler com.dawn.libfilter                   I  handleMediaViewLayoutChanged, listener removed. view=jp.co.cyberagent.android.gpuimage.GPUImageView$GPUImageGLSurfaceView{74b3408 V.E...... ........ 0,0-961,1281}
2026-04-20 15:25:33.372 19089-19089 HwViewRootImpl          com.dawn.libfilter                   D  [DetectViewsLocationRunner] current resolutionScale: 1.0
2026-04-20 15:25:33.372 19089-19089 ImeFocusController      com.dawn.libfilter                   I  ViewUI imeDisplayId:0 contextDisplayId:0
2026-04-20 15:25:33.372 19089-19089 InputMethodManager      com.dawn.libfilter                   I  set currentRootView to : android.view.ViewRootImpl@b89b2c3
2026-04-20 15:25:33.376 19089-19089 InputMethodManager      com.dawn.libfilter                   I  Starting input: reason=WINDOW_FOCUS_GAIN
2026-04-20 15:25:33.376 19089-19089 HwRemoteIn...hodManager com.dawn.libfilter                   W  isCasting false because IHwDistributedWindowManager is invalid.
2026-04-20 15:25:33.386 19089-19089 InputMethodManager      com.dawn.libfilter                   I  Starting input: Bind resultString=SUCCESS_WITH_IME_SESSION
2026-04-20 15:25:33.406 19089-19089 InsetsSourceConsumer    com.dawn.libfilter                   D  ViewUI_insets setControl -> ITYPE_IME on com.dawn.libfilter/com.dawn.libfilter.CameraFilterActivity
2026-04-20 15:25:33.618 19089-22883 .dawn.libfilte          com.dawn.libfilter                   W  [SurfaceTexture-2-19089-0] bindTextureImage: clearing GL error: 0x502
2026-04-20 15:25:33.633 19089-22839 Camera-JNI              com.dawn.libfilter                   V  dataCallback(16, 0x70a1694b90)
2026-04-20 15:25:33.634 19089-22839 Camera-JNI              com.dawn.libfilter                   V  copyAndPost: off=0, size=2880000
2026-04-20 15:25:33.634 19089-22839 Camera-JNI              com.dawn.libfilter                   V  Allocating callback buffer
2026-04-20 15:25:33.641 19089-19089 Camera                  com.dawn.libfilter                   I  PACKAGENAME: com.dawn.libfilter API_VERSION:API1 CAMERA_SCENE:0STARTMEMavailMem6048904kB_totalMem15976196kB_lowMemoryfalse_threshold221184kBENDMEMavailMem5376488kB_totalMem15976196kB_lowMemoryfalse_threshold221184kB
2026-04-20 15:25:33.641 19089-19089 Camera-JNI              com.dawn.libfilter                   V  setHasPreviewCallback: installed:1, manualBuffer:0
2026-04-20 15:25:33.641 19089-19089 Camera-JNI              com.dawn.libfilter                   V  start getCamera
2026-04-20 15:25:33.641 19089-19089 Camera-JNI              com.dawn.libfilter                   V  get_native_camera: context=0x708d90fec0, camera=0x702a7ff000
2026-04-20 15:25:33.641 19089-19089 Camera-JNI              com.dawn.libfilter                   V  Clearing callback buffers, 0 remained
2026-04-20 15:25:33.642 19089-19089 Camera-JNI              com.dawn.libfilter                   V  getParameters
2026-04-20 15:25:33.642 19089-19089 Camera-JNI              com.dawn.libfilter                   V  start getCamera
2026-04-20 15:25:33.642 19089-19089 Camera-JNI              com.dawn.libfilter                   V  get_native_camera: context=0x708d90fec0, camera=0x702a7ff000
2026-04-20 15:25:33.666 19089-22905 Camera-JNI              com.dawn.libfilter                   V  dataCallback(16, 0x6fe26d3cc0)
2026-04-20 15:25:33.667 19089-22905 Camera-JNI              com.dawn.libfilter                   V  copyAndPost: off=0, size=2880000
2026-04-20 15:25:33.667 19089-22905 Camera-JNI              com.dawn.libfilter                   V  Allocating callback buffer
2026-04-20 15:25:33.669 19089-19089 Camera-JNI              com.dawn.libfilter                   V  setHasPreviewCallback: installed:1, manualBuffer:0
2026-04-20 15:25:33.669 19089-19089 Camera-JNI              com.dawn.libfilter                   V  start getCamera
2026-04-20 15:25:33.669 19089-19089 Camera-JNI              com.dawn.libfilter                   V  get_native_camera: context=0x708d90fec0, camera=0x702a7ff000
2026-04-20 15:25:33.669 19089-19089 Camera-JNI              com.dawn.libfilter                   V  Clearing callback buffers, 0 remained
2026-04-20 15:25:33.669 19089-19089 Camera-JNI              com.dawn.libfilter                   V  getParameters
2026-04-20 15:25:33.669 19089-19089 Camera-JNI              com.dawn.libfilter                   V  start getCamera
2026-04-20 15:25:33.669 19089-19089 Camera-JNI              com.dawn.libfilter                   V  get_native_camera: context=0x708d90fec0, camera=0x702a7ff000
2026-04-20 15:25:33.705 19089-22905 Camera-JNI              com.dawn.libfilter                   V  dataCallback(16, 0x6fe26d4940)
2026-04-20 15:25:33.705 19089-22905 Camera-JNI              com.dawn.libfilter                   V  copyAndPost: off=0, size=2880000
2026-04-20 15:25:33.705 19089-22905 Camera-JNI              com.dawn.libfilter                   V  Allocating callback buffer
2026-04-20 15:25:33.708 19089-19089 Camera-JNI              com.dawn.libfilter                   V  setHasPreviewCallback: installed:1, manualBuffer:0
2026-04-20 15:25:33.708 19089-19089 Camera-JNI              com.dawn.libfilter                   V  start getCamera
2026-04-20 15:25:33.708 19089-19089 Camera-JNI              com.dawn.libfilter                   V  get_native_camera: context=0x708d90fec0, camera=0x702a7ff000
2026-04-20 15:25:33.708 19089-19089 Camera-JNI              com.dawn.libfilter                   V  Clearing callback buffers, 0 remained
2026-04-20 15:25:33.708 19089-19089 Camera-JNI              com.dawn.libfilter                   V  getParameters
2026-04-20 15:25:33.708 19089-19089 Camera-JNI              com.dawn.libfilter                   V  start getCamera
2026-04-20 15:25:33.708 19089-19089 Camera-JNI              com.dawn.libfilter                   V  get_native_camera: context=0x708d90fec0, camera=0x702a7ff000
2026-04-20 15:25:33.730 19089-22854 BufferQueueProducer     com.dawn.libfilter                   W  [com.dawn.libfilter/com.dawn.libfilter.MainActivity#0(BLAST Consumer)0](id:4a9100000000,api:0,p:-1,c:19089) disconnect: not connected (req=1)
2026-04-20 15:25:33.730 19089-22854 libEGL                  com.dawn.libfilter                   W  EGLNativeWindowType 0x709d327810 disconnect failed
2026-04-20 15:25:33.730 19089-22854 OpenGLRenderer          com.dawn.libfilter                   D  endAllActiveAnimators on 0x709d358a00 (RippleDrawable) with handle 0x702a8d90a0
2026-04-20 15:25:33.738 19089-22839 Camera-JNI              com.dawn.libfilter                   V  dataCallback(16, 0x70a1694b40)
2026-04-20 15:25:33.738 19089-22839 Camera-JNI              com.dawn.libfilter                   V  copyAndPost: off=0, size=2880000
2026-04-20 15:25:33.738 19089-22839 Camera-JNI              com.dawn.libfilter                   V  Allocating callback buffer
2026-04-20 15:25:33.742 19089-22853 LifecycleTransaction    com.dawn.libfilter                   I  lifecycleStateRequest StopActivityItem{showWindow=false,configChanges=0}
2026-04-20 15:25:33.745 19089-19089 Camera-JNI              com.dawn.libfilter                   V  setHasPreviewCallback: installed:1, manualBuffer:0
2026-04-20 15:25:33.745 19089-19089 Camera-JNI              com.dawn.libfilter                   V  start getCamera
2026-04-20 15:25:33.745 19089-19089 Camera-JNI              com.dawn.libfilter                   V  get_native_camera: context=0x708d90fec0, camera=0x702a7ff000
2026-04-20 15:25:33.745 19089-19089 Camera-JNI              com.dawn.libfilter                   V  Clearing callback buffers, 0 remained
2026-04-20 15:25:33.745 19089-19089 Camera-JNI              com.dawn.libfilter                   V  getParameters
2026-04-20 15:25:33.745 19089-19089 Camera-JNI              com.dawn.libfilter                   V  start getCamera
2026-04-20 15:25:33.745 19089-19089 Camera-JNI              com.dawn.libfilter                   V  get_native_camera: context=0x708d90fec0, camera=0x702a7ff000
2026-04-20 15:25:33.746 19089-19089 HwViewRootImpl          com.dawn.libfilter                   I  remove sceneId 4 topId: 10
2026-04-20 15:25:33.746 19089-19089 HwViewRootImpl          com.dawn.libfilter                   I  remove sceneId 10 topId: 0
2026-04-20 15:25:33.753 19089-19089 HwViewRootImpl          com.dawn.libfilter                   I  Add sceneId 10 topId: 0
2026-04-20 15:25:33.753 19089-19089 HwViewRootImpl          com.dawn.libfilter                   I  Add sceneId 4 topId: 10
2026-04-20 15:25:33.772 19089-22853 Camera-JNI              com.dawn.libfilter                   V  dataCallback(16, 0x6fe26d2a00)
2026-04-20 15:25:33.772 19089-22853 Camera-JNI              com.dawn.libfilter                   V  copyAndPost: off=0, size=2880000
2026-04-20 15:25:33.772 19089-22853 Camera-JNI              com.dawn.libfilter                   V  Allocating callback buffer
2026-04-20 15:25:33.773 19089-19089 Camera-JNI              com.dawn.libfilter                   V  setHasPreviewCallback: installed:1, manualBuffer:0
2026-04-20 15:25:33.773 19089-19089 Camera-JNI              com.dawn.libfilter                   V  start getCamera
2026-04-20 15:25:33.773 19089-19089 Camera-JNI              com.dawn.libfilter                   V  get_native_camera: context=0x708d90fec0, camera=0x702a7ff000
2026-04-20 15:25:33.773 19089-19089 Camera-JNI              com.dawn.libfilter                   V  Clearing callback buffers, 0 remained
2026-04-20 15:25:33.774 19089-19089 Camera-JNI              com.dawn.libfilter                   V  getParameters
2026-04-20 15:25:33.774 19089-19089 Camera-JNI              com.dawn.libfilter                   V  start getCamera
2026-04-20 15:25:33.774 19089-19089 Camera-JNI              com.dawn.libfilter                   V  get_native_camera: context=0x708d90fec0, camera=0x702a7ff000
2026-04-20 15:25:33.800 19089-22853 Camera-JNI              com.dawn.libfilter                   V  dataCallback(16, 0x6fe26d2a00)
2026-04-20 15:25:33.800 19089-22853 Camera-JNI              com.dawn.libfilter                   V  copyAndPost: off=0, size=2880000
2026-04-20 15:25:33.800 19089-22853 Camera-JNI              com.dawn.libfilter                   V  Allocating callback buffer
2026-04-20 15:25:33.802 19089-19089 Camera-JNI              com.dawn.libfilter                   V  setHasPreviewCallback: installed:1, manualBuffer:0
2026-04-20 15:25:33.802 19089-19089 Camera-JNI              com.dawn.libfilter                   V  start getCamera
2026-04-20 15:25:33.802 19089-19089 Camera-JNI              com.dawn.libfilter                   V  get_native_camera: context=0x708d90fec0, camera=0x702a7ff000
2026-04-20 15:25:33.802 19089-19089 Camera-JNI              com.dawn.libfilter                   V  Clearing callback buffers, 0 remained
2026-04-20 15:25:33.802 19089-19089 Camera-JNI              com.dawn.libfilter                   V  getParameters
2026-04-20 15:25:33.802 19089-19089 Camera-JNI              com.dawn.libfilter                   V  start getCamera
2026-04-20 15:25:33.802 19089-19089 Camera-JNI              com.dawn.libfilter                   V  get_native_camera: context=0x708d90fec0, camera=0x702a7ff000
2026-04-20 15:25:33.832 19089-22853 Camera-JNI              com.dawn.libfilter                   V  dataCallback(16, 0x6fe26d2a00)
2026-04-20 15:25:33.832 19089-22853 Camera-JNI              com.dawn.libfilter                   V  copyAndPost: off=0, size=2880000
2026-04-20 15:25:33.832 19089-22853 Camera-JNI              com.dawn.libfilter                   V  Allocating callback buffer
2026-04-20 15:25:33.834 19089-19089 Camera-JNI              com.dawn.libfilter                   V  setHasPreviewCallback: installed:1, manualBuffer:0
2026-04-20 15:25:33.834 19089-19089 Camera-JNI              com.dawn.libfilter                   V  start getCamera
2026-04-20 15:25:33.834 19089-19089 Camera-JNI              com.dawn.libfilter                   V  get_native_camera: context=0x708d90fec0, camera=0x702a7ff000
2026-04-20 15:25:33.834 19089-19089 Camera-JNI              com.dawn.libfilter                   V  Clearing callback buffers, 0 remained
2026-04-20 15:25:33.834 19089-19089 Camera-JNI              com.dawn.libfilter                   V  getParameters
2026-04-20 15:25:33.834 19089-19089 Camera-JNI              com.dawn.libfilter                   V  start getCamera
2026-04-20 15:25:33.834 19089-19089 Camera-JNI              com.dawn.libfilter                   V  get_native_camera: context=0x708d90fec0, camera=0x702a7ff000
2026-04-20 15:25:33.870 19089-22853 Camera-JNI              com.dawn.libfilter                   V  dataCallback(16, 0x6fe26d2a00)
2026-04-20 15:25:33.870 19089-22853 Camera-JNI              com.dawn.libfilter                   V  copyAndPost: off=0, size=2880000
2026-04-20 15:25:33.870 19089-22853 Camera-JNI              com.dawn.libfilter                   V  Allocating callback buffer
2026-04-20 15:25:33.872 19089-19089 Camera-JNI              com.dawn.libfilter                   V  setHasPreviewCallback: installed:1, manualBuffer:0
2026-04-20 15:25:33.872 19089-19089 Camera-JNI              com.dawn.libfilter                   V  start getCamera
2026-04-20 15:25:33.872 19089-19089 Camera-JNI              com.dawn.libfilter                   V  get_native_camera: context=0x708d90fec0, camera=0x702a7ff000
2026-04-20 15:25:33.872 19089-19089 Camera-JNI              com.dawn.libfilter                   V  Clearing callback buffers, 0 remained
2026-04-20 15:25:33.872 19089-19089 Camera-JNI              com.dawn.libfilter                   V  getParameters
2026-04-20 15:25:33.872 19089-19089 Camera-JNI              com.dawn.libfilter                   V  start getCamera
2026-04-20 15:25:33.872 19089-19089 Camera-JNI              com.dawn.libfilter                   V  get_native_camera: context=0x708d90fec0, camera=0x702a7ff000
2026-04-20 15:25:33.899 19089-22853 Camera-JNI              com.dawn.libfilter                   V  dataCallback(16, 0x6fe26d2a00)
2026-04-20 15:25:33.899 19089-22853 Camera-JNI              com.dawn.libfilter                   V  copyAndPost: off=0, size=2880000
2026-04-20 15:25:33.899 19089-22853 Camera-JNI              com.dawn.libfilter                   V  Allocating callback buffer
2026-04-20 15:25:33.900 19089-19089 Camera-JNI              com.dawn.libfilter                   V  setHasPreviewCallback: installed:1, manualBuffer:0
2026-04-20 15:25:33.900 19089-19089 Camera-JNI              com.dawn.libfilter                   V  start getCamera
2026-04-20 15:25:33.900 19089-19089 Camera-JNI              com.dawn.libfilter                   V  get_native_camera: context=0x708d90fec0, camera=0x702a7ff000
2026-04-20 15:25:33.901 19089-19089 Camera-JNI              com.dawn.libfilter                   V  Clearing callback buffers, 0 remained
2026-04-20 15:25:33.901 19089-19089 Camera-JNI              com.dawn.libfilter                   V  getParameters
2026-04-20 15:25:33.901 19089-19089 Camera-JNI              com.dawn.libfilter                   V  start getCamera
2026-04-20 15:25:33.901 19089-19089 Camera-JNI              com.dawn.libfilter                   V  get_native_camera: context=0x708d90fec0, camera=0x702a7ff000
2026-04-20 15:25:33.910 19089-22829 System                  com.dawn.libfilter                   W  A resource failed to call close. 
2026-04-20 15:25:33.910 19089-22829 System                  com.dawn.libfilter                   W  A resource failed to call close. 
2026-04-20 15:25:33.937 19089-22853 Camera-JNI              com.dawn.libfilter                   V  dataCallback(16, 0x6fe26d2a00)
2026-04-20 15:25:33.937 19089-22853 Camera-JNI              com.dawn.libfilter                   V  copyAndPost: off=0, size=2880000
2026-04-20 15:25:33.937 19089-22853 Camera-JNI              com.dawn.libfilter                   V  Allocating callback buffer
2026-04-20 15:25:33.939 19089-19089 Camera-JNI              com.dawn.libfilter                   V  setHasPreviewCallback: installed:1, manualBuffer:0
2026-04-20 15:25:33.939 19089-19089 Camera-JNI              com.dawn.libfilter                   V  start getCamera
2026-04-20 15:25:33.939 19089-19089 Camera-JNI              com.dawn.libfilter                   V  get_native_camera: context=0x708d90fec0, camera=0x702a7ff000
2026-04-20 15:25:33.939 19089-19089 Camera-JNI              com.dawn.libfilter                   V  Clearing callback buffers, 0 remained
2026-04-20 15:25:33.939 19089-19089 Camera-JNI              com.dawn.libfilter                   V  getParameters
2026-04-20 15:25:33.939 19089-19089 Camera-JNI              com.dawn.libfilter                   V  start getCamera
2026-04-20 15:25:33.939 19089-19089 Camera-JNI              com.dawn.libfilter                   V  get_native_camera: context=0x708d90fec0, camera=0x702a7ff000
2026-04-20 15:25:33.966 19089-22853 Camera-JNI              com.dawn.libfilter                   V  dataCallback(16, 0x6fe26d2a00)
2026-04-20 15:25:33.966 19089-22853 Camera-JNI              com.dawn.libfilter                   V  copyAndPost: off=0, size=2880000
2026-04-20 15:25:33.966 19089-22853 Camera-JNI              com.dawn.libfilter                   V  Allocating callback buffer
2026-04-20 15:25:33.968 19089-19089 Camera-JNI              com.dawn.libfilter                   V  setHasPreviewCallback: installed:1, manualBuffer:0
2026-04-20 15:25:33.968 19089-19089 Camera-JNI              com.dawn.libfilter                   V  start getCamera
2026-04-20 15:25:33.968 19089-19089 Camera-JNI              com.dawn.libfilter                   V  get_native_camera: context=0x708d90fec0, camera=0x702a7ff000
2026-04-20 15:25:33.968 19089-19089 Camera-JNI              com.dawn.libfilter                   V  Clearing callback buffers, 0 remained
2026-04-20 15:25:33.968 19089-19089 Camera-JNI              com.dawn.libfilter                   V  getParameters
2026-04-20 15:25:33.968 19089-19089 Camera-JNI              com.dawn.libfilter                   V  start getCamera
2026-04-20 15:25:33.968 19089-19089 Camera-JNI              com.dawn.libfilter                   V  get_native_camera: context=0x708d90fec0, camera=0x702a7ff000
2026-04-20 15:25:34.001 19089-22833 Camera-JNI              com.dawn.libfilter                   V  dataCallback(16, 0x708d902840)
2026-04-20 15:25:34.001 19089-22833 Camera-JNI              com.dawn.libfilter                   V  copyAndPost: off=0, size=2880000
2026-04-20 15:25:34.001 19089-22833 Camera-JNI              com.dawn.libfilter                   V  Allocating callback buffer
2026-04-20 15:25:34.003 19089-19089 Camera-JNI              com.dawn.libfilter                   V  setHasPreviewCallback: installed:1, manualBuffer:0
2026-04-20 15:25:34.003 19089-19089 Camera-JNI              com.dawn.libfilter                   V  start getCamera
2026-04-20 15:25:34.003 19089-19089 Camera-JNI              com.dawn.libfilter                   V  get_native_camera: context=0x708d90fec0, camera=0x702a7ff000
2026-04-20 15:25:34.003 19089-19089 Camera-JNI              com.dawn.libfilter                   V  Clearing callback buffers, 0 remained
2026-04-20 15:25:34.003 19089-19089 Camera-JNI              com.dawn.libfilter                   V  getParameters
2026-04-20 15:25:34.003 19089-19089 Camera-JNI              com.dawn.libfilter                   V  start getCamera
2026-04-20 15:25:34.003 19089-19089 Camera-JNI              com.dawn.libfilter                   V  get_native_camera: context=0x708d90fec0, camera=0x702a7ff000
2026-04-20 15:25:34.032 19089-22853 Camera-JNI              com.dawn.libfilter                   V  dataCallback(16, 0x6fe26d2a00)
2026-04-20 15:25:34.032 19089-22853 Camera-JNI              com.dawn.libfilter                   V  copyAndPost: off=0, size=2880000
2026-04-20 15:25:34.032 19089-22853 Camera-JNI              com.dawn.libfilter                   V  Allocating callback buffer
2026-04-20 15:25:34.034 19089-19089 Camera-JNI              com.dawn.libfilter                   V  setHasPreviewCallback: installed:1, manualBuffer:0
2026-04-20 15:25:34.034 19089-19089 Camera-JNI              com.dawn.libfilter                   V  start getCamera
2026-04-20 15:25:34.034 19089-19089 Camera-JNI              com.dawn.libfilter                   V  get_native_camera: context=0x708d90fec0, camera=0x702a7ff000
2026-04-20 15:25:34.034 19089-19089 Camera-JNI              com.dawn.libfilter                   V  Clearing callback buffers, 0 remained
2026-04-20 15:25:34.034 19089-19089 Camera-JNI              com.dawn.libfilter                   V  getParameters
2026-04-20 15:25:34.034 19089-19089 Camera-JNI              com.dawn.libfilter                   V  start getCamera
2026-04-20 15:25:34.034 19089-19089 Camera-JNI              com.dawn.libfilter                   V  get_native_camera: context=0x708d90fec0, camera=0x702a7ff000
2026-04-20 15:25:34.070 19089-22853 Camera-JNI              com.dawn.libfilter                   V  dataCallback(16, 0x6fe26d2a00)
2026-04-20 15:25:34.070 19089-22853 Camera-JNI              com.dawn.libfilter                   V  copyAndPost: off=0, size=2880000
2026-04-20 15:25:34.070 19089-22853 Camera-JNI              com.dawn.libfilter                   V  Allocating callback buffer
2026-04-20 15:25:34.072 19089-19089 Camera-JNI              com.dawn.libfilter                   V  setHasPreviewCallback: installed:1, manualBuffer:0
2026-04-20 15:25:34.072 19089-19089 Camera-JNI              com.dawn.libfilter                   V  start getCamera
2026-04-20 15:25:34.072 19089-19089 Camera-JNI              com.dawn.libfilter                   V  get_native_camera: context=0x708d90fec0, camera=0x702a7ff000
2026-04-20 15:25:34.072 19089-19089 Camera-JNI              com.dawn.libfilter                   V  Clearing callback buffers, 0 remained
2026-04-20 15:25:34.072 19089-19089 Camera-JNI              com.dawn.libfilter                   V  getParameters
2026-04-20 15:25:34.072 19089-19089 Camera-JNI              com.dawn.libfilter                   V  start getCamera
2026-04-20 15:25:34.072 19089-19089 Camera-JNI              com.dawn.libfilter                   V  get_native_camera: context=0x708d90fec0, camera=0x702a7ff000
2026-04-20 15:25:34.106 19089-22853 Camera-JNI              com.dawn.libfilter                   V  dataCallback(16, 0x6fe26d2a00)
2026-04-20 15:25:34.106 19089-22853 Camera-JNI              com.dawn.libfilter                   V  copyAndPost: off=0, size=2880000
2026-04-20 15:25:34.106 19089-22853 Camera-JNI              com.dawn.libfilter                   V  Allocating callback buffer
2026-04-20 15:25:34.110 19089-19089 Camera-JNI              com.dawn.libfilter                   V  setHasPreviewCallback: installed:1, manualBuffer:0
2026-04-20 15:25:34.110 19089-19089 Camera-JNI              com.dawn.libfilter                   V  start getCamera
2026-04-20 15:25:34.110 19089-19089 Camera-JNI              com.dawn.libfilter                   V  get_native_camera: context=0x708d90fec0, camera=0x702a7ff000
2026-04-20 15:25:34.110 19089-19089 Camera-JNI              com.dawn.libfilter                   V  Clearing callback buffers, 0 remained
